MSBuild version 17.14.23+b0019275e for .NET Framework
Build started 2/25/2026 16:45:26.

Project "C:\Users\TOSHIBA\source\repos\CineSeats\CineSeats.sln" on node 1 (default targets).
ValidateSolutionConfiguration:
  Building solution configuration "Debug|Any CPU".
Project "C:\Users\TOSHIBA\source\repos\CineSeats\CineSeats.sln" (1) is building "C:\Users\TOSHIBA\source\repos\CineSeats\CineSeats\CineSeats.csproj" (2) on node 1 (default targets).
GenerateTargetFrameworkMonikerAttribute:
Skipping target "GenerateTargetFrameworkMonikerAttribute" because all output files are up-to-date with respect to the input files.
CoreCompile:
  C:\Program Files\Microsoft Visual Studio\2022\Community\MSBuild\Current\Bin\Roslyn\csc.exe /noconfig /nowarn:1701,1702 /fullpaths /nostdlib+ /errorreport:prompt /warn:4 /define:DEBUG;TRACE /highentropyva+ /reference:C:\Users\TOSHIBA\source\repos\CineSeats\packages\Antlr.3.5.0.2\lib\Antlr3.Runtime.dll /reference:C:\Users\TOSHIBA\source\repos\CineSeats\packages\Microsoft.AspNet.FriendlyUrls.Core.1.0.2\lib\net45\Microsoft.AspNet.FriendlyUrls.dll /reference:C:\Users\TOSHIBA\source\repos\CineSeats\packages\Microsoft.AspNet.Web.Optimization.WebForms.1.1.3\lib\net45\Microsoft.AspNet.Web.Optimization.WebForms.dll /reference:C:\Users\TOSHIBA\source\repos\CineSeats\packages\Microsoft.CodeDom.Providers.DotNetCompilerPlatform.2.0.1\lib\net45\Microsoft.CodeDom.Providers.DotNetCompilerPlatform.dll /reference:"C:\Program Files (x86)\Reference Assemblies\Microsoft\Framework\.NETFramework\v4.7.2\Microsoft.CSharp.dll" /reference:C:\Users\TOSHIBA\source\repos\CineSeats\packages\Microsoft.AspNet.ScriptManager.MSAjax.5.0.0\lib\net45\Microsoft.ScriptManager.MSAjax.dll /reference:C:\Users\TOSHIBA\source\repos\CineSeats\packages\Microsoft.AspNet.ScriptManager.WebForms.5.0.0\lib\net45\Microsoft.ScriptManager.WebForms.dll /reference:C:\Users\TOSHIBA\source\repos\CineSeats\packages\Microsoft.Web.Infrastructure.2.0.0\lib\net40\Microsoft.Web.Infrastructure.dll /reference:"C:\Program Files (x86)\Reference Assemblies\Microsoft\Framework\.NETFramework\v4.7.2\mscorlib.dll" /reference:C:\Users\TOSHIBA\source\repos\CineSeats\packages\Newtonsoft.Json.13.0.3\lib\net45\Newtonsoft.Json.dll /reference:C:\Users\TOSHIBA\.nuget\packages\oracle.manageddataaccess\21.12.0\lib\net462\Oracle.ManagedDataAccess.dll /reference:"C:\Program Files (x86)\Reference Assemblies\Microsoft\Framework\.NETFramework\v4.7.2\System.ComponentModel.DataAnnotations.dll" /reference:"C:\Program Files (x86)\Reference Assemblies\Microsoft\Framework\.NETFramework\v4.7.2\System.Configuration.dll" /reference:"C:\Program Files (x86)\Reference Assemblies\Microsoft\Framework\.NETFramework\v4.7.2\System.Core.dll" /reference:"C:\Program Files (x86)\Reference Assemblies\Microsoft\Framework\.NETFramework\v4.7.2\System.Data.DataSetExtensions.dll" /reference:"C:\Program Files (x86)\Reference Assemblies\Microsoft\Framework\.NETFramework\v4.7.2\System.Data.dll" /reference:"C:\Program Files (x86)\Reference Assemblies\Microsoft\Framework\.NETFramework\v4.7.2\System.dll" /reference:"C:\Program Files (x86)\Reference Assemblies\Microsoft\Framework\.NETFramework\v4.7.2\System.Drawing.dll" /reference:"C:\Program Files (x86)\Reference Assemblies\Microsoft\Framework\.NETFramework\v4.7.2\System.EnterpriseServices.dll" /reference:"C:\Program Files (x86)\Reference Assemblies\Microsoft\Framework\.NETFramework\v4.7.2\System.Web.ApplicationServices.dll" /reference:"C:\Program Files (x86)\Reference Assemblies\Microsoft\Framework\.NETFramework\v4.7.2\System.Web.dll" /reference:"C:\Program Files (x86)\Reference Assemblies\Microsoft\Framework\.NETFramework\v4.7.2\System.Web.DynamicData.dll" /reference:"C:\Program Files (x86)\Reference Assemblies\Microsoft\Framework\.NETFramework\v4.7.2\System.Web.Entity.dll" /reference:"C:\Program Files (x86)\Reference Assemblies\Microsoft\Framework\.NETFramework\v4.7.2\System.Web.Extensions.dll" /reference:C:\Users\TOSHIBA\source\repos\CineSeats\packages\Microsoft.AspNet.Web.Optimization.1.1.3\lib\net40\System.Web.Optimization.dll /reference:"C:\Program Files (x86)\Reference Assemblies\Microsoft\Framework\.NETFramework\v4.7.2\System.Web.Services.dll" /reference:"C:\Program Files (x86)\Reference Assemblies\Microsoft\Framework\.NETFramework\v4.7.2\System.Xml.dll" /reference:"C:\Program Files (x86)\Reference Assemblies\Microsoft\Framework\.NETFramework\v4.7.2\System.Xml.Linq.dll" /reference:C:\Users\TOSHIBA\source\repos\CineSeats\packages\WebGrease.1.6.0\lib\WebGrease.dll /debug+ /debug:full /optimize- /out:obj\Debug\CineSeats.dll /subsystemversion:6.00 /target:library /utf8output /langversion:7.3 App_Start\BundleConfig.cs About.aspx.cs About.aspx.designer.cs App_Start\RouteConfig.cs Contact.aspx.cs Contact.aspx.designer.cs Default.aspx.cs Default.aspx.designer.cs Global.asax.cs Properties\AssemblyInfo.cs Site.Master.cs Site.Master.designer.cs Site.Mobile.Master.cs Site.Mobile.Master.designer.cs ViewSwitcher.ascx.cs Data\DatabaseHelper.cs ManageHalls.aspx.cs ManageMovies.aspx.cs ManageShowtimes.aspx.cs ManageTheaters.aspx.cs ManageTickets.aspx.cs ManageUsers.aspx.cs ManageUsers.aspx.designer.cs Reports\Occupancy.aspx.cs Reports\TheaterMovies.aspx.cs Reports\UserTickets.aspx.cs ViewSwitcher.ascx.designer.cs "obj\Debug\.NETFramework,Version=v4.7.2.AssemblyAttributes.cs"
C:\Users\TOSHIBA\source\repos\CineSeats\CineSeats\Default.aspx.cs(22,17): error CS0103: The name 'litTotalUsers' does not exist in the current context [C:\Users\TOSHIBA\source\repos\CineSeats\CineSeats\CineSeats.csproj]
C:\Users\TOSHIBA\source\repos\CineSeats\CineSeats\Default.aspx.cs(23,17): error CS0103: The name 'litTotalMovies' does not exist in the current context [C:\Users\TOSHIBA\source\repos\CineSeats\CineSeats\CineSeats.csproj]
C:\Users\TOSHIBA\source\repos\CineSeats\CineSeats\Default.aspx.cs(24,17): error CS0103: The name 'litTotalTheaters' does not exist in the current context [C:\Users\TOSHIBA\source\repos\CineSeats\CineSeats\CineSeats.csproj]
C:\Users\TOSHIBA\source\repos\CineSeats\CineSeats\Default.aspx.cs(25,17): error CS0103: The name 'litTotalTickets' does not exist in the current context [C:\Users\TOSHIBA\source\repos\CineSeats\CineSeats\CineSeats.csproj]
C:\Users\TOSHIBA\source\repos\CineSeats\CineSeats\Default.aspx.cs(30,17): error CS0103: The name 'litTotalUsers' does not exist in the current context [C:\Users\TOSHIBA\source\repos\CineSeats\CineSeats\CineSeats.csproj]
C:\Users\TOSHIBA\source\repos\CineSeats\CineSeats\Default.aspx.cs(31,17): error CS0103: The name 'litTotalMovies' does not exist in the current context [C:\Users\TOSHIBA\source\repos\CineSeats\CineSeats\CineSeats.csproj]
C:\Users\TOSHIBA\source\repos\CineSeats\CineSeats\Default.aspx.cs(32,17): error CS0103: The name 'litTotalTheaters' does not exist in the current context [C:\Users\TOSHIBA\source\repos\CineSeats\CineSeats\CineSeats.csproj]
C:\Users\TOSHIBA\source\repos\CineSeats\CineSeats\Default.aspx.cs(33,17): error CS0103: The name 'litTotalTickets' does not exist in the current context [C:\Users\TOSHIBA\source\repos\CineSeats\CineSeats\CineSeats.csproj]
C:\Users\TOSHIBA\source\repos\CineSeats\CineSeats\Reports\TheaterMovies.aspx.cs(17,17): error CS0103: The name 'ddlHall' does not exist in the current context [C:\Users\TOSHIBA\source\repos\CineSeats\CineSeats\CineSeats.csproj]
C:\Users\TOSHIBA\source\repos\CineSeats\CineSeats\ManageHalls.aspx.cs(24,13): error CS0103: The name 'ddlTheater' does not exist in the current context [C:\Users\TOSHIBA\source\repos\CineSeats\CineSeats\CineSeats.csproj]
C:\Users\TOSHIBA\source\repos\CineSeats\CineSeats\ManageHalls.aspx.cs(25,13): error CS0103: The name 'ddlTheater' does not exist in the current context [C:\Users\TOSHIBA\source\repos\CineSeats\CineSeats\CineSeats.csproj]
C:\Users\TOSHIBA\source\repos\CineSeats\CineSeats\ManageHalls.aspx.cs(26,13): error CS0103: The name 'ddlTheater' does not exist in the current context [C:\Users\TOSHIBA\source\repos\CineSeats\CineSeats\CineSeats.csproj]
C:\Users\TOSHIBA\source\repos\CineSeats\CineSeats\ManageHalls.aspx.cs(27,13): error CS0103: The name 'ddlTheater' does not exist in the current context [C:\Users\TOSHIBA\source\repos\CineSeats\CineSeats\CineSeats.csproj]
C:\Users\TOSHIBA\source\repos\CineSeats\CineSeats\ManageHalls.aspx.cs(28,13): error CS0103: The name 'ddlTheater' does not exist in the current context [C:\Users\TOSHIBA\source\repos\CineSeats\CineSeats\CineSeats.csproj]
C:\Users\TOSHIBA\source\repos\CineSeats\CineSeats\Reports\UserTickets.aspx.cs(22,13): error CS0103: The name 'ddlUser' does not exist in the current context [C:\Users\TOSHIBA\source\repos\CineSeats\CineSeats\CineSeats.csproj]
C:\Users\TOSHIBA\source\repos\CineSeats\CineSeats\Reports\UserTickets.aspx.cs(23,13): error CS0103: The name 'ddlUser' does not exist in the current context [C:\Users\TOSHIBA\source\repos\CineSeats\CineSeats\CineSeats.csproj]
C:\Users\TOSHIBA\source\repos\CineSeats\CineSeats\Reports\UserTickets.aspx.cs(24,13): error CS0103: The name 'ddlUser' does not exist in the current context [C:\Users\TOSHIBA\source\repos\CineSeats\CineSeats\CineSeats.csproj]
C:\Users\TOSHIBA\source\repos\CineSeats\CineSeats\Reports\UserTickets.aspx.cs(25,13): error CS0103: The name 'ddlUser' does not exist in the current context [C:\Users\TOSHIBA\source\repos\CineSeats\CineSeats\CineSeats.csproj]
C:\Users\TOSHIBA\source\repos\CineSeats\CineSeats\Reports\UserTickets.aspx.cs(26,13): error CS0103: The name 'ddlUser' does not exist in the current context [C:\Users\TOSHIBA\source\repos\CineSeats\CineSeats\CineSeats.csproj]
C:\Users\TOSHIBA\source\repos\CineSeats\CineSeats\Reports\TheaterMovies.aspx.cs(23,13): error CS0103: The name 'ddlTheater' does not exist in the current context [C:\Users\TOSHIBA\source\repos\CineSeats\CineSeats\CineSeats.csproj]
C:\Users\TOSHIBA\source\repos\CineSeats\CineSeats\Reports\TheaterMovies.aspx.cs(24,13): error CS0103: The name 'ddlTheater' does not exist in the current context [C:\Users\TOSHIBA\source\repos\CineSeats\CineSeats\CineSeats.csproj]
C:\Users\TOSHIBA\source\repos\CineSeats\CineSeats\Reports\TheaterMovies.aspx.cs(25,13): error CS0103: The name 'ddlTheater' does not exist in the current context [C:\Users\TOSHIBA\source\repos\CineSeats\CineSeats\CineSeats.csproj]
C:\Users\TOSHIBA\source\repos\CineSeats\CineSeats\Reports\TheaterMovies.aspx.cs(26,13): error CS0103: The name 'ddlTheater' does not exist in the current context [C:\Users\TOSHIBA\source\repos\CineSeats\CineSeats\CineSeats.csproj]
C:\Users\TOSHIBA\source\repos\CineSeats\CineSeats\Reports\TheaterMovies.aspx.cs(27,13): error CS0103: The name 'ddlTheater' does not exist in the current context [C:\Users\TOSHIBA\source\repos\CineSeats\CineSeats\CineSeats.csproj]
C:\Users\TOSHIBA\source\repos\CineSeats\CineSeats\ManageShowtimes.aspx.cs(23,13): error CS0103: The name 'ddlMovie' does not exist in the current context [C:\Users\TOSHIBA\source\repos\CineSeats\CineSeats\CineSeats.csproj]
C:\Users\TOSHIBA\source\repos\CineSeats\CineSeats\ManageShowtimes.aspx.cs(24,13): error CS0103: The name 'ddlMovie' does not exist in the current context [C:\Users\TOSHIBA\source\repos\CineSeats\CineSeats\CineSeats.csproj]
C:\Users\TOSHIBA\source\repos\CineSeats\CineSeats\ManageShowtimes.aspx.cs(25,13): error CS0103: The name 'ddlMovie' does not exist in the current context [C:\Users\TOSHIBA\source\repos\CineSeats\CineSeats\CineSeats.csproj]
C:\Users\TOSHIBA\source\repos\CineSeats\CineSeats\ManageShowtimes.aspx.cs(26,13): error CS0103: The name 'ddlMovie' does not exist in the current context [C:\Users\TOSHIBA\source\repos\CineSeats\CineSeats\CineSeats.csproj]
C:\Users\TOSHIBA\source\repos\CineSeats\CineSeats\ManageShowtimes.aspx.cs(27,13): error CS0103: The name 'ddlMovie' does not exist in the current context [C:\Users\TOSHIBA\source\repos\CineSeats\CineSeats\CineSeats.csproj]
C:\Users\TOSHIBA\source\repos\CineSeats\CineSeats\ManageShowtimes.aspx.cs(29,13): error CS0103: The name 'ddlHall' does not exist in the current context [C:\Users\TOSHIBA\source\repos\CineSeats\CineSeats\CineSeats.csproj]
C:\Users\TOSHIBA\source\repos\CineSeats\CineSeats\ManageShowtimes.aspx.cs(30,13): error CS0103: The name 'ddlHall' does not exist in the current context [C:\Users\TOSHIBA\source\repos\CineSeats\CineSeats\CineSeats.csproj]
C:\Users\TOSHIBA\source\repos\CineSeats\CineSeats\ManageShowtimes.aspx.cs(31,13): error CS0103: The name 'ddlHall' does not exist in the current context [C:\Users\TOSHIBA\source\repos\CineSeats\CineSeats\CineSeats.csproj]
C:\Users\TOSHIBA\source\repos\CineSeats\CineSeats\ManageShowtimes.aspx.cs(32,13): error CS0103: The name 'ddlHall' does not exist in the current context [C:\Users\TOSHIBA\source\repos\CineSeats\CineSeats\CineSeats.csproj]
C:\Users\TOSHIBA\source\repos\CineSeats\CineSeats\ManageShowtimes.aspx.cs(33,13): error CS0103: The name 'ddlHall' does not exist in the current context [C:\Users\TOSHIBA\source\repos\CineSeats\CineSeats\CineSeats.csproj]
C:\Users\TOSHIBA\source\repos\CineSeats\CineSeats\Reports\UserTickets.aspx.cs(31,38): error CS0103: The name 'ddlUser' does not exist in the current context [C:\Users\TOSHIBA\source\repos\CineSeats\CineSeats\CineSeats.csproj]
C:\Users\TOSHIBA\source\repos\CineSeats\CineSeats\Reports\UserTickets.aspx.cs(33,36): error CS0103: The name 'ddlUser' does not exist in the current context [C:\Users\TOSHIBA\source\repos\CineSeats\CineSeats\CineSeats.csproj]
C:\Users\TOSHIBA\source\repos\CineSeats\CineSeats\Reports\UserTickets.aspx.cs(36,13): error CS0103: The name 'pnlReport' does not exist in the current context [C:\Users\TOSHIBA\source\repos\CineSeats\CineSeats\CineSeats.csproj]
C:\Users\TOSHIBA\source\repos\CineSeats\CineSeats\ManageTheaters.aspx.cs(25,17): error CS0103: The name 'gvTheaters' does not exist in the current context [C:\Users\TOSHIBA\source\repos\CineSeats\CineSeats\CineSeats.csproj]
C:\Users\TOSHIBA\source\repos\CineSeats\CineSeats\ManageTheaters.aspx.cs(26,17): error CS0103: The name 'gvTheaters' does not exist in the current context [C:\Users\TOSHIBA\source\repos\CineSeats\CineSeats\CineSeats.csproj]
C:\Users\TOSHIBA\source\repos\CineSeats\CineSeats\ManageMovies.aspx.cs(25,17): error CS0103: The name 'gvMovies' does not exist in the current context [C:\Users\TOSHIBA\source\repos\CineSeats\CineSeats\CineSeats.csproj]
C:\Users\TOSHIBA\source\repos\CineSeats\CineSeats\ManageMovies.aspx.cs(26,17): error CS0103: The name 'gvMovies' does not exist in the current context [C:\Users\TOSHIBA\source\repos\CineSeats\CineSeats\CineSeats.csproj]
C:\Users\TOSHIBA\source\repos\CineSeats\CineSeats\ManageShowtimes.aspx.cs(45,17): error CS0103: The name 'gvShowtimes' does not exist in the current context [C:\Users\TOSHIBA\source\repos\CineSeats\CineSeats\CineSeats.csproj]
C:\Users\TOSHIBA\source\repos\CineSeats\CineSeats\ManageShowtimes.aspx.cs(46,17): error CS0103: The name 'gvShowtimes' does not exist in the current context [C:\Users\TOSHIBA\source\repos\CineSeats\CineSeats\CineSeats.csproj]
C:\Users\TOSHIBA\source\repos\CineSeats\CineSeats\ManageHalls.aspx.cs(36,17): error CS0103: The name 'gvHalls' does not exist in the current context [C:\Users\TOSHIBA\source\repos\CineSeats\CineSeats\CineSeats.csproj]
C:\Users\TOSHIBA\source\repos\CineSeats\CineSeats\ManageHalls.aspx.cs(37,17): error CS0103: The name 'gvHalls' does not exist in the current context [C:\Users\TOSHIBA\source\repos\CineSeats\CineSeats\CineSeats.csproj]
C:\Users\TOSHIBA\source\repos\CineSeats\CineSeats\Reports\TheaterMovies.aspx.cs(32,38): error CS0103: The name 'ddlTheater' does not exist in the current context [C:\Users\TOSHIBA\source\repos\CineSeats\CineSeats\CineSeats.csproj]
C:\Users\TOSHIBA\source\repos\CineSeats\CineSeats\Reports\TheaterMovies.aspx.cs(34,17): error CS0103: The name 'ddlHall' does not exist in the current context [C:\Users\TOSHIBA\source\repos\CineSeats\CineSeats\CineSeats.csproj]
C:\Users\TOSHIBA\source\repos\CineSeats\CineSeats\Reports\TheaterMovies.aspx.cs(35,17): error CS0103: The name 'ddlHall' does not exist in the current context [C:\Users\TOSHIBA\source\repos\CineSeats\CineSeats\CineSeats.csproj]
C:\Users\TOSHIBA\source\repos\CineSeats\CineSeats\Reports\TheaterMovies.aspx.cs(39,39): error CS0103: The name 'ddlTheater' does not exist in the current context [C:\Users\TOSHIBA\source\repos\CineSeats\CineSeats\CineSeats.csproj]
C:\Users\TOSHIBA\source\repos\CineSeats\CineSeats\Reports\TheaterMovies.aspx.cs(40,13): error CS0103: The name 'ddlHall' does not exist in the current context [C:\Users\TOSHIBA\source\repos\CineSeats\CineSeats\CineSeats.csproj]
C:\Users\TOSHIBA\source\repos\CineSeats\CineSeats\Reports\TheaterMovies.aspx.cs(41,13): error CS0103: The name 'ddlHall' does not exist in the current context [C:\Users\TOSHIBA\source\repos\CineSeats\CineSeats\CineSeats.csproj]
C:\Users\TOSHIBA\source\repos\CineSeats\CineSeats\Reports\TheaterMovies.aspx.cs(42,13): error CS0103: The name 'ddlHall' does not exist in the current context [C:\Users\TOSHIBA\source\repos\CineSeats\CineSeats\CineSeats.csproj]
C:\Users\TOSHIBA\source\repos\CineSeats\CineSeats\Reports\TheaterMovies.aspx.cs(43,13): error CS0103: The name 'ddlHall' does not exist in the current context [C:\Users\TOSHIBA\source\repos\CineSeats\CineSeats\CineSeats.csproj]
C:\Users\TOSHIBA\source\repos\CineSeats\CineSeats\Reports\TheaterMovies.aspx.cs(44,13): error CS0103: The name 'ddlHall' does not exist in the current context [C:\Users\TOSHIBA\source\repos\CineSeats\CineSeats\CineSeats.csproj]
C:\Users\TOSHIBA\source\repos\CineSeats\CineSeats\ManageTickets.aspx.cs(24,17): error CS0103: The name 'gvTickets' does not exist in the current context [C:\Users\TOSHIBA\source\repos\CineSeats\CineSeats\CineSeats.csproj]
C:\Users\TOSHIBA\source\repos\CineSeats\CineSeats\ManageTickets.aspx.cs(25,17): error CS0103: The name 'gvTickets' does not exist in the current context [C:\Users\TOSHIBA\source\repos\CineSeats\CineSeats\CineSeats.csproj]
C:\Users\TOSHIBA\source\repos\CineSeats\CineSeats\Reports\UserTickets.aspx.cs(44,17): error CS0103: The name 'litUserName' does not exist in the current context [C:\Users\TOSHIBA\source\repos\CineSeats\CineSeats\CineSeats.csproj]
C:\Users\TOSHIBA\source\repos\CineSeats\CineSeats\Reports\UserTickets.aspx.cs(45,17): error CS0103: The name 'litEmail' does not exist in the current context [C:\Users\TOSHIBA\source\repos\CineSeats\CineSeats\CineSeats.csproj]
C:\Users\TOSHIBA\source\repos\CineSeats\CineSeats\Reports\UserTickets.aspx.cs(46,17): error CS0103: The name 'litPhone' does not exist in the current context [C:\Users\TOSHIBA\source\repos\CineSeats\CineSeats\CineSeats.csproj]
C:\Users\TOSHIBA\source\repos\CineSeats\CineSeats\Reports\TheaterMovies.aspx.cs(49,38): error CS0103: The name 'ddlTheater' does not exist in the current context [C:\Users\TOSHIBA\source\repos\CineSeats\CineSeats\CineSeats.csproj]
C:\Users\TOSHIBA\source\repos\CineSeats\CineSeats\Reports\TheaterMovies.aspx.cs(58,17): error CS0103: The name 'ddlHall' does not exist in the current context [C:\Users\TOSHIBA\source\repos\CineSeats\CineSeats\CineSeats.csproj]
C:\Users\TOSHIBA\source\repos\CineSeats\CineSeats\Reports\TheaterMovies.aspx.cs(58,71): error CS0103: The name 'ddlHall' does not exist in the current context [C:\Users\TOSHIBA\source\repos\CineSeats\CineSeats\CineSeats.csproj]
C:\Users\TOSHIBA\source\repos\CineSeats\CineSeats\Reports\TheaterMovies.aspx.cs(62,48): error CS0103: The name 'ddlTheater' does not exist in the current context [C:\Users\TOSHIBA\source\repos\CineSeats\CineSeats\CineSeats.csproj]
C:\Users\TOSHIBA\source\repos\CineSeats\CineSeats\Reports\TheaterMovies.aspx.cs(63,48): error CS0103: The name 'ddlHall' does not exist in the current context [C:\Users\TOSHIBA\source\repos\CineSeats\CineSeats\CineSeats.csproj]
C:\Users\TOSHIBA\source\repos\CineSeats\CineSeats\Reports\TheaterMovies.aspx.cs(68,80): error CS0103: The name 'ddlTheater' does not exist in the current context [C:\Users\TOSHIBA\source\repos\CineSeats\CineSeats\CineSeats.csproj]
C:\Users\TOSHIBA\source\repos\CineSeats\CineSeats\Reports\TheaterMovies.aspx.cs(72,13): error CS0103: The name 'gvSchedule' does not exist in the current context [C:\Users\TOSHIBA\source\repos\CineSeats\CineSeats\CineSeats.csproj]
C:\Users\TOSHIBA\source\repos\CineSeats\CineSeats\Reports\TheaterMovies.aspx.cs(73,13): error CS0103: The name 'gvSchedule' does not exist in the current context [C:\Users\TOSHIBA\source\repos\CineSeats\CineSeats\CineSeats.csproj]
C:\Users\TOSHIBA\source\repos\CineSeats\CineSeats\ManageHalls.aspx.cs(49,42): error CS0103: The name 'hfHallId' does not exist in the current context [C:\Users\TOSHIBA\source\repos\CineSeats\CineSeats\CineSeats.csproj]
C:\Users\TOSHIBA\source\repos\CineSeats\CineSeats\ManageHalls.aspx.cs(53,53): error CS0103: The name 'txtHallName' does not exist in the current context [C:\Users\TOSHIBA\source\repos\CineSeats\CineSeats\CineSeats.csproj]
C:\Users\TOSHIBA\source\repos\CineSeats\CineSeats\ManageHalls.aspx.cs(54,52): error CS0103: The name 'txtCapacity' does not exist in the current context [C:\Users\TOSHIBA\source\repos\CineSeats\CineSeats\CineSeats.csproj]
C:\Users\TOSHIBA\source\repos\CineSeats\CineSeats\ManageHalls.aspx.cs(55,53): error CS0103: The name 'txtHallType' does not exist in the current context [C:\Users\TOSHIBA\source\repos\CineSeats\CineSeats\CineSeats.csproj]
C:\Users\TOSHIBA\source\repos\CineSeats\CineSeats\ManageHalls.aspx.cs(56,58): error CS0103: The name 'ddlTheater' does not exist in the current context [C:\Users\TOSHIBA\source\repos\CineSeats\CineSeats\CineSeats.csproj]
C:\Users\TOSHIBA\source\repos\CineSeats\CineSeats\ManageHalls.aspx.cs(63,53): error CS0103: The name 'txtHallName' does not exist in the current context [C:\Users\TOSHIBA\source\repos\CineSeats\CineSeats\CineSeats.csproj]
C:\Users\TOSHIBA\source\repos\CineSeats\CineSeats\ManageHalls.aspx.cs(64,52): error CS0103: The name 'txtCapacity' does not exist in the current context [C:\Users\TOSHIBA\source\repos\CineSeats\CineSeats\CineSeats.csproj]
C:\Users\TOSHIBA\source\repos\CineSeats\CineSeats\ManageHalls.aspx.cs(65,53): error CS0103: The name 'txtHallType' does not exist in the current context [C:\Users\TOSHIBA\source\repos\CineSeats\CineSeats\CineSeats.csproj]
C:\Users\TOSHIBA\source\repos\CineSeats\CineSeats\ManageHalls.aspx.cs(66,58): error CS0103: The name 'ddlTheater' does not exist in the current context [C:\Users\TOSHIBA\source\repos\CineSeats\CineSeats\CineSeats.csproj]
C:\Users\TOSHIBA\source\repos\CineSeats\CineSeats\ManageHalls.aspx.cs(67,51): error CS0103: The name 'hfHallId' does not exist in the current context [C:\Users\TOSHIBA\source\repos\CineSeats\CineSeats\CineSeats.csproj]
C:\Users\TOSHIBA\source\repos\CineSeats\CineSeats\Reports\UserTickets.aspx.cs(61,13): error CS0103: The name 'gvUserTickets' does not exist in the current context [C:\Users\TOSHIBA\source\repos\CineSeats\CineSeats\CineSeats.csproj]
C:\Users\TOSHIBA\source\repos\CineSeats\CineSeats\Reports\UserTickets.aspx.cs(62,13): error CS0103: The name 'gvUserTickets' does not exist in the current context [C:\Users\TOSHIBA\source\repos\CineSeats\CineSeats\CineSeats.csproj]
C:\Users\TOSHIBA\source\repos\CineSeats\CineSeats\ManageTheaters.aspx.cs(38,42): error CS0103: The name 'hfTheaterId' does not exist in the current context [C:\Users\TOSHIBA\source\repos\CineSeats\CineSeats\CineSeats.csproj]
C:\Users\TOSHIBA\source\repos\CineSeats\CineSeats\ManageTheaters.aspx.cs(42,53): error CS0103: The name 'txtTheaterName' does not exist in the current context [C:\Users\TOSHIBA\source\repos\CineSeats\CineSeats\CineSeats.csproj]
C:\Users\TOSHIBA\source\repos\CineSeats\CineSeats\ManageTheaters.aspx.cs(43,53): error CS0103: The name 'txtCity' does not exist in the current context [C:\Users\TOSHIBA\source\repos\CineSeats\CineSeats\CineSeats.csproj]
C:\Users\TOSHIBA\source\repos\CineSeats\CineSeats\ManageTheaters.aspx.cs(44,56): error CS0103: The name 'txtAddress' does not exist in the current context [C:\Users\TOSHIBA\source\repos\CineSeats\CineSeats\CineSeats.csproj]
C:\Users\TOSHIBA\source\repos\CineSeats\CineSeats\ManageTheaters.aspx.cs(45,56): error CS0103: The name 'txtContact' does not exist in the current context [C:\Users\TOSHIBA\source\repos\CineSeats\CineSeats\CineSeats.csproj]
C:\Users\TOSHIBA\source\repos\CineSeats\CineSeats\ManageTheaters.aspx.cs(52,53): error CS0103: The name 'txtTheaterName' does not exist in the current context [C:\Users\TOSHIBA\source\repos\CineSeats\CineSeats\CineSeats.csproj]
C:\Users\TOSHIBA\source\repos\CineSeats\CineSeats\ManageTheaters.aspx.cs(53,53): error CS0103: The name 'txtCity' does not exist in the current context [C:\Users\TOSHIBA\source\repos\CineSeats\CineSeats\CineSeats.csproj]
C:\Users\TOSHIBA\source\repos\CineSeats\CineSeats\ManageTheaters.aspx.cs(54,56): error CS0103: The name 'txtAddress' does not exist in the current context [C:\Users\TOSHIBA\source\repos\CineSeats\CineSeats\CineSeats.csproj]
C:\Users\TOSHIBA\source\repos\CineSeats\CineSeats\ManageTheaters.aspx.cs(55,56): error CS0103: The name 'txtContact' does not exist in the current context [C:\Users\TOSHIBA\source\repos\CineSeats\CineSeats\CineSeats.csproj]
C:\Users\TOSHIBA\source\repos\CineSeats\CineSeats\ManageTheaters.aspx.cs(56,51): error CS0103: The name 'hfTheaterId' does not exist in the current context [C:\Users\TOSHIBA\source\repos\CineSeats\CineSeats\CineSeats.csproj]
C:\Users\TOSHIBA\source\repos\CineSeats\CineSeats\ManageTickets.aspx.cs(37,42): error CS0103: The name 'hfTicketId' does not exist in the current context [C:\Users\TOSHIBA\source\repos\CineSeats\CineSeats\CineSeats.csproj]
C:\Users\TOSHIBA\source\repos\CineSeats\CineSeats\ManageTickets.aspx.cs(41,52): error CS0103: The name 'txtBookingId' does not exist in the current context [C:\Users\TOSHIBA\source\repos\CineSeats\CineSeats\CineSeats.csproj]
C:\Users\TOSHIBA\source\repos\CineSeats\CineSeats\ManageTickets.aspx.cs(42,53): error CS0103: The name 'txtSeatNumber' does not exist in the current context [C:\Users\TOSHIBA\source\repos\CineSeats\CineSeats\CineSeats.csproj]
C:\Users\TOSHIBA\source\repos\CineSeats\CineSeats\ManageTickets.aspx.cs(43,55): error CS0103: The name 'ddlStatus' does not exist in the current context [C:\Users\TOSHIBA\source\repos\CineSeats\CineSeats\CineSeats.csproj]
C:\Users\TOSHIBA\source\repos\CineSeats\CineSeats\ManageTickets.aspx.cs(50,52): error CS0103: The name 'txtBookingId' does not exist in the current context [C:\Users\TOSHIBA\source\repos\CineSeats\CineSeats\CineSeats.csproj]
C:\Users\TOSHIBA\source\repos\CineSeats\CineSeats\ManageTickets.aspx.cs(51,53): error CS0103: The name 'txtSeatNumber' does not exist in the current context [C:\Users\TOSHIBA\source\repos\CineSeats\CineSeats\CineSeats.csproj]
C:\Users\TOSHIBA\source\repos\CineSeats\CineSeats\ManageTickets.aspx.cs(52,55): error CS0103: The name 'ddlStatus' does not exist in the current context [C:\Users\TOSHIBA\source\repos\CineSeats\CineSeats\CineSeats.csproj]
C:\Users\TOSHIBA\source\repos\CineSeats\CineSeats\ManageTickets.aspx.cs(53,51): error CS0103: The name 'hfTicketId' does not exist in the current context [C:\Users\TOSHIBA\source\repos\CineSeats\CineSeats\CineSeats.csproj]
C:\Users\TOSHIBA\source\repos\CineSeats\CineSeats\ManageMovies.aspx.cs(38,55): error CS0103: The name 'txtReleaseDate' does not exist in the current context [C:\Users\TOSHIBA\source\repos\CineSeats\CineSeats\CineSeats.csproj]
C:\Users\TOSHIBA\source\repos\CineSeats\CineSeats\ManageMovies.aspx.cs(39,42): error CS0103: The name 'hfMovieId' does not exist in the current context [C:\Users\TOSHIBA\source\repos\CineSeats\CineSeats\CineSeats.csproj]
C:\Users\TOSHIBA\source\repos\CineSeats\CineSeats\ManageMovies.aspx.cs(43,54): error CS0103: The name 'txtTitle' does not exist in the current context [C:\Users\TOSHIBA\source\repos\CineSeats\CineSeats\CineSeats.csproj]
C:\Users\TOSHIBA\source\repos\CineSeats\CineSeats\ManageMovies.aspx.cs(44,52): error CS0103: The name 'txtDuration' does not exist in the current context [C:\Users\TOSHIBA\source\repos\CineSeats\CineSeats\CineSeats.csproj]
C:\Users\TOSHIBA\source\repos\CineSeats\CineSeats\ManageMovies.aspx.cs(45,53): error CS0103: The name 'txtLanguage' does not exist in the current context [C:\Users\TOSHIBA\source\repos\CineSeats\CineSeats\CineSeats.csproj]
C:\Users\TOSHIBA\source\repos\CineSeats\CineSeats\ManageMovies.aspx.cs(46,54): error CS0103: The name 'txtGenre' does not exist in the current context [C:\Users\TOSHIBA\source\repos\CineSeats\CineSeats\CineSeats.csproj]
C:\Users\TOSHIBA\source\repos\CineSeats\CineSeats\ManageMovies.aspx.cs(54,54): error CS0103: The name 'txtTitle' does not exist in the current context [C:\Users\TOSHIBA\source\repos\CineSeats\CineSeats\CineSeats.csproj]
C:\Users\TOSHIBA\source\repos\CineSeats\CineSeats\ManageMovies.aspx.cs(55,52): error CS0103: The name 'txtDuration' does not exist in the current context [C:\Users\TOSHIBA\source\repos\CineSeats\CineSeats\CineSeats.csproj]
C:\Users\TOSHIBA\source\repos\CineSeats\CineSeats\ManageMovies.aspx.cs(56,53): error CS0103: The name 'txtLanguage' does not exist in the current context [C:\Users\TOSHIBA\source\repos\CineSeats\CineSeats\CineSeats.csproj]
C:\Users\TOSHIBA\source\repos\CineSeats\CineSeats\ManageMovies.aspx.cs(57,54): error CS0103: The name 'txtGenre' does not exist in the current context [C:\Users\TOSHIBA\source\repos\CineSeats\CineSeats\CineSeats.csproj]
C:\Users\TOSHIBA\source\repos\CineSeats\CineSeats\ManageMovies.aspx.cs(59,51): error CS0103: The name 'hfMovieId' does not exist in the current context [C:\Users\TOSHIBA\source\repos\CineSeats\CineSeats\CineSeats.csproj]
C:\Users\TOSHIBA\source\repos\CineSeats\CineSeats\ManageShowtimes.aspx.cs(58,52): error CS0103: The name 'txtShowDate' does not exist in the current context [C:\Users\TOSHIBA\source\repos\CineSeats\CineSeats\CineSeats.csproj]
C:\Users\TOSHIBA\source\repos\CineSeats\CineSeats\ManageShowtimes.aspx.cs(59,36): error CS0103: The name 'chkIsHoliday' does not exist in the current context [C:\Users\TOSHIBA\source\repos\CineSeats\CineSeats\CineSeats.csproj]
C:\Users\TOSHIBA\source\repos\CineSeats\CineSeats\ManageShowtimes.aspx.cs(61,42): error CS0103: The name 'hfShowtimeId' does not exist in the current context [C:\Users\TOSHIBA\source\repos\CineSeats\CineSeats\CineSeats.csproj]
C:\Users\TOSHIBA\source\repos\CineSeats\CineSeats\ManageShowtimes.aspx.cs(66,56): error CS0103: The name 'ddlMovie' does not exist in the current context [C:\Users\TOSHIBA\source\repos\CineSeats\CineSeats\CineSeats.csproj]
C:\Users\TOSHIBA\source\repos\CineSeats\CineSeats\ManageShowtimes.aspx.cs(67,55): error CS0103: The name 'ddlHall' does not exist in the current context [C:\Users\TOSHIBA\source\repos\CineSeats\CineSeats\CineSeats.csproj]
C:\Users\TOSHIBA\source\repos\CineSeats\CineSeats\ManageShowtimes.aspx.cs(69,54): error CS0103: The name 'txtShowTime' does not exist in the current context [C:\Users\TOSHIBA\source\repos\CineSeats\CineSeats\CineSeats.csproj]
C:\Users\TOSHIBA\source\repos\CineSeats\CineSeats\ManageShowtimes.aspx.cs(70,54): error CS0103: The name 'txtPrice' does not exist in the current context [C:\Users\TOSHIBA\source\repos\CineSeats\CineSeats\CineSeats.csproj]
C:\Users\TOSHIBA\source\repos\CineSeats\CineSeats\ManageShowtimes.aspx.cs(79,56): error CS0103: The name 'ddlMovie' does not exist in the current context [C:\Users\TOSHIBA\source\repos\CineSeats\CineSeats\CineSeats.csproj]
C:\Users\TOSHIBA\source\repos\CineSeats\CineSeats\ManageShowtimes.aspx.cs(80,55): error CS0103: The name 'ddlHall' does not exist in the current context [C:\Users\TOSHIBA\source\repos\CineSeats\CineSeats\CineSeats.csproj]
C:\Users\TOSHIBA\source\repos\CineSeats\CineSeats\ManageShowtimes.aspx.cs(82,54): error CS0103: The name 'txtShowTime' does not exist in the current context [C:\Users\TOSHIBA\source\repos\CineSeats\CineSeats\CineSeats.csproj]
C:\Users\TOSHIBA\source\repos\CineSeats\CineSeats\ManageShowtimes.aspx.cs(83,54): error CS0103: The name 'txtPrice' does not exist in the current context [C:\Users\TOSHIBA\source\repos\CineSeats\CineSeats\CineSeats.csproj]
C:\Users\TOSHIBA\source\repos\CineSeats\CineSeats\ManageShowtimes.aspx.cs(85,51): error CS0103: The name 'hfShowtimeId' does not exist in the current context [C:\Users\TOSHIBA\source\repos\CineSeats\CineSeats\CineSeats.csproj]
C:\Users\TOSHIBA\source\repos\CineSeats\CineSeats\ManageTickets.aspx.cs(74,21): error CS0103: The name 'hfTicketId' does not exist in the current context [C:\Users\TOSHIBA\source\repos\CineSeats\CineSeats\CineSeats.csproj]
C:\Users\TOSHIBA\source\repos\CineSeats\CineSeats\ManageTickets.aspx.cs(75,21): error CS0103: The name 'txtBookingId' does not exist in the current context [C:\Users\TOSHIBA\source\repos\CineSeats\CineSeats\CineSeats.csproj]
C:\Users\TOSHIBA\source\repos\CineSeats\CineSeats\ManageTickets.aspx.cs(76,21): error CS0103: The name 'txtSeatNumber' does not exist in the current context [C:\Users\TOSHIBA\source\repos\CineSeats\CineSeats\CineSeats.csproj]
C:\Users\TOSHIBA\source\repos\CineSeats\CineSeats\ManageTickets.aspx.cs(77,21): error CS0103: The name 'ddlStatus' does not exist in the current context [C:\Users\TOSHIBA\source\repos\CineSeats\CineSeats\CineSeats.csproj]
C:\Users\TOSHIBA\source\repos\CineSeats\CineSeats\ManageTickets.aspx.cs(78,21): error CS0103: The name 'btnSave' does not exist in the current context [C:\Users\TOSHIBA\source\repos\CineSeats\CineSeats\CineSeats.csproj]
C:\Users\TOSHIBA\source\repos\CineSeats\CineSeats\ManageMovies.aspx.cs(80,21): error CS0103: The name 'hfMovieId' does not exist in the current context [C:\Users\TOSHIBA\source\repos\CineSeats\CineSeats\CineSeats.csproj]
C:\Users\TOSHIBA\source\repos\CineSeats\CineSeats\ManageMovies.aspx.cs(81,21): error CS0103: The name 'txtTitle' does not exist in the current context [C:\Users\TOSHIBA\source\repos\CineSeats\CineSeats\CineSeats.csproj]
C:\Users\TOSHIBA\source\repos\CineSeats\CineSeats\ManageMovies.aspx.cs(82,21): error CS0103: The name 'txtDuration' does not exist in the current context [C:\Users\TOSHIBA\source\repos\CineSeats\CineSeats\CineSeats.csproj]
C:\Users\TOSHIBA\source\repos\CineSeats\CineSeats\ManageMovies.aspx.cs(83,21): error CS0103: The name 'txtLanguage' does not exist in the current context [C:\Users\TOSHIBA\source\repos\CineSeats\CineSeats\CineSeats.csproj]
C:\Users\TOSHIBA\source\repos\CineSeats\CineSeats\ManageMovies.aspx.cs(84,21): error CS0103: The name 'txtGenre' does not exist in the current context [C:\Users\TOSHIBA\source\repos\CineSeats\CineSeats\CineSeats.csproj]
C:\Users\TOSHIBA\source\repos\CineSeats\CineSeats\ManageMovies.aspx.cs(85,21): error CS0103: The name 'txtReleaseDate' does not exist in the current context [C:\Users\TOSHIBA\source\repos\CineSeats\CineSeats\CineSeats.csproj]
C:\Users\TOSHIBA\source\repos\CineSeats\CineSeats\ManageMovies.aspx.cs(86,21): error CS0103: The name 'btnSave' does not exist in the current context [C:\Users\TOSHIBA\source\repos\CineSeats\CineSeats\CineSeats.csproj]
C:\Users\TOSHIBA\source\repos\CineSeats\CineSeats\ManageTheaters.aspx.cs(77,21): error CS0103: The name 'hfTheaterId' does not exist in the current context [C:\Users\TOSHIBA\source\repos\CineSeats\CineSeats\CineSeats.csproj]
C:\Users\TOSHIBA\source\repos\CineSeats\CineSeats\ManageTheaters.aspx.cs(78,21): error CS0103: The name 'txtTheaterName' does not exist in the current context [C:\Users\TOSHIBA\source\repos\CineSeats\CineSeats\CineSeats.csproj]
C:\Users\TOSHIBA\source\repos\CineSeats\CineSeats\ManageTheaters.aspx.cs(79,21): error CS0103: The name 'txtCity' does not exist in the current context [C:\Users\TOSHIBA\source\repos\CineSeats\CineSeats\CineSeats.csproj]
C:\Users\TOSHIBA\source\repos\CineSeats\CineSeats\ManageTheaters.aspx.cs(80,21): error CS0103: The name 'txtAddress' does not exist in the current context [C:\Users\TOSHIBA\source\repos\CineSeats\CineSeats\CineSeats.csproj]
C:\Users\TOSHIBA\source\repos\CineSeats\CineSeats\ManageTheaters.aspx.cs(81,21): error CS0103: The name 'txtContact' does not exist in the current context [C:\Users\TOSHIBA\source\repos\CineSeats\CineSeats\CineSeats.csproj]
C:\Users\TOSHIBA\source\repos\CineSeats\CineSeats\ManageTheaters.aspx.cs(82,21): error CS0103: The name 'btnSave' does not exist in the current context [C:\Users\TOSHIBA\source\repos\CineSeats\CineSeats\CineSeats.csproj]
C:\Users\TOSHIBA\source\repos\CineSeats\CineSeats\ManageHalls.aspx.cs(88,21): error CS0103: The name 'hfHallId' does not exist in the current context [C:\Users\TOSHIBA\source\repos\CineSeats\CineSeats\CineSeats.csproj]
C:\Users\TOSHIBA\source\repos\CineSeats\CineSeats\ManageHalls.aspx.cs(89,21): error CS0103: The name 'txtHallName' does not exist in the current context [C:\Users\TOSHIBA\source\repos\CineSeats\CineSeats\CineSeats.csproj]
C:\Users\TOSHIBA\source\repos\CineSeats\CineSeats\ManageHalls.aspx.cs(90,21): error CS0103: The name 'txtCapacity' does not exist in the current context [C:\Users\TOSHIBA\source\repos\CineSeats\CineSeats\CineSeats.csproj]
C:\Users\TOSHIBA\source\repos\CineSeats\CineSeats\ManageHalls.aspx.cs(91,21): error CS0103: The name 'txtHallType' does not exist in the current context [C:\Users\TOSHIBA\source\repos\CineSeats\CineSeats\CineSeats.csproj]
C:\Users\TOSHIBA\source\repos\CineSeats\CineSeats\ManageHalls.aspx.cs(92,21): error CS0103: The name 'ddlTheater' does not exist in the current context [C:\Users\TOSHIBA\source\repos\CineSeats\CineSeats\CineSeats.csproj]
C:\Users\TOSHIBA\source\repos\CineSeats\CineSeats\ManageHalls.aspx.cs(93,21): error CS0103: The name 'btnSave' does not exist in the current context [C:\Users\TOSHIBA\source\repos\CineSeats\CineSeats\CineSeats.csproj]
C:\Users\TOSHIBA\source\repos\CineSeats\CineSeats\ManageTickets.aspx.cs(87,42): error CS0103: The name 'gvTickets' does not exist in the current context [C:\Users\TOSHIBA\source\repos\CineSeats\CineSeats\CineSeats.csproj]
C:\Users\TOSHIBA\source\repos\CineSeats\CineSeats\ManageShowtimes.aspx.cs(106,21): error CS0103: The name 'hfShowtimeId' does not exist in the current context [C:\Users\TOSHIBA\source\repos\CineSeats\CineSeats\CineSeats.csproj]
C:\Users\TOSHIBA\source\repos\CineSeats\CineSeats\ManageShowtimes.aspx.cs(107,21): error CS0103: The name 'ddlMovie' does not exist in the current context [C:\Users\TOSHIBA\source\repos\CineSeats\CineSeats\CineSeats.csproj]
C:\Users\TOSHIBA\source\repos\CineSeats\CineSeats\ManageShowtimes.aspx.cs(108,21): error CS0103: The name 'ddlHall' does not exist in the current context [C:\Users\TOSHIBA\source\repos\CineSeats\CineSeats\CineSeats.csproj]
C:\Users\TOSHIBA\source\repos\CineSeats\CineSeats\ManageShowtimes.aspx.cs(109,21): error CS0103: The name 'txtShowDate' does not exist in the current context [C:\Users\TOSHIBA\source\repos\CineSeats\CineSeats\CineSeats.csproj]
C:\Users\TOSHIBA\source\repos\CineSeats\CineSeats\ManageShowtimes.aspx.cs(110,21): error CS0103: The name 'txtShowTime' does not exist in the current context [C:\Users\TOSHIBA\source\repos\CineSeats\CineSeats\CineSeats.csproj]
C:\Users\TOSHIBA\source\repos\CineSeats\CineSeats\ManageShowtimes.aspx.cs(111,21): error CS0103: The name 'txtPrice' does not exist in the current context [C:\Users\TOSHIBA\source\repos\CineSeats\CineSeats\CineSeats.csproj]
C:\Users\TOSHIBA\source\repos\CineSeats\CineSeats\ManageShowtimes.aspx.cs(112,21): error CS0103: The name 'chkIsHoliday' does not exist in the current context [C:\Users\TOSHIBA\source\repos\CineSeats\CineSeats\CineSeats.csproj]
C:\Users\TOSHIBA\source\repos\CineSeats\CineSeats\ManageShowtimes.aspx.cs(113,21): error CS0103: The name 'btnSave' does not exist in the current context [C:\Users\TOSHIBA\source\repos\CineSeats\CineSeats\CineSeats.csproj]
C:\Users\TOSHIBA\source\repos\CineSeats\CineSeats\ManageTickets.aspx.cs(104,13): error CS0103: The name 'hfTicketId' does not exist in the current context [C:\Users\TOSHIBA\source\repos\CineSeats\CineSeats\CineSeats.csproj]
C:\Users\TOSHIBA\source\repos\CineSeats\CineSeats\ManageTickets.aspx.cs(105,13): error CS0103: The name 'txtBookingId' does not exist in the current context [C:\Users\TOSHIBA\source\repos\CineSeats\CineSeats\CineSeats.csproj]
C:\Users\TOSHIBA\source\repos\CineSeats\CineSeats\ManageTickets.aspx.cs(106,13): error CS0103: The name 'txtSeatNumber' does not exist in the current context [C:\Users\TOSHIBA\source\repos\CineSeats\CineSeats\CineSeats.csproj]
C:\Users\TOSHIBA\source\repos\CineSeats\CineSeats\ManageTickets.aspx.cs(107,13): error CS0103: The name 'ddlStatus' does not exist in the current context [C:\Users\TOSHIBA\source\repos\CineSeats\CineSeats\CineSeats.csproj]
C:\Users\TOSHIBA\source\repos\CineSeats\CineSeats\ManageTickets.aspx.cs(108,13): error CS0103: The name 'btnSave' does not exist in the current context [C:\Users\TOSHIBA\source\repos\CineSeats\CineSeats\CineSeats.csproj]
C:\Users\TOSHIBA\source\repos\CineSeats\CineSeats\ManageMovies.aspx.cs(95,42): error CS0103: The name 'gvMovies' does not exist in the current context [C:\Users\TOSHIBA\source\repos\CineSeats\CineSeats\CineSeats.csproj]
C:\Users\TOSHIBA\source\repos\CineSeats\CineSeats\ManageTheaters.aspx.cs(91,42): error CS0103: The name 'gvTheaters' does not exist in the current context [C:\Users\TOSHIBA\source\repos\CineSeats\CineSeats\CineSeats.csproj]
C:\Users\TOSHIBA\source\repos\CineSeats\CineSeats\ManageMovies.aspx.cs(112,13): error CS0103: The name 'hfMovieId' does not exist in the current context [C:\Users\TOSHIBA\source\repos\CineSeats\CineSeats\CineSeats.csproj]
C:\Users\TOSHIBA\source\repos\CineSeats\CineSeats\ManageMovies.aspx.cs(113,13): error CS0103: The name 'txtTitle' does not exist in the current context [C:\Users\TOSHIBA\source\repos\CineSeats\CineSeats\CineSeats.csproj]
C:\Users\TOSHIBA\source\repos\CineSeats\CineSeats\ManageMovies.aspx.cs(114,13): error CS0103: The name 'txtDuration' does not exist in the current context [C:\Users\TOSHIBA\source\repos\CineSeats\CineSeats\CineSeats.csproj]
C:\Users\TOSHIBA\source\repos\CineSeats\CineSeats\ManageMovies.aspx.cs(115,13): error CS0103: The name 'txtLanguage' does not exist in the current context [C:\Users\TOSHIBA\source\repos\CineSeats\CineSeats\CineSeats.csproj]
C:\Users\TOSHIBA\source\repos\CineSeats\CineSeats\ManageMovies.aspx.cs(116,13): error CS0103: The name 'txtGenre' does not exist in the current context [C:\Users\TOSHIBA\source\repos\CineSeats\CineSeats\CineSeats.csproj]
C:\Users\TOSHIBA\source\repos\CineSeats\CineSeats\ManageMovies.aspx.cs(117,13): error CS0103: The name 'txtReleaseDate' does not exist in the current context [C:\Users\TOSHIBA\source\repos\CineSeats\CineSeats\CineSeats.csproj]
C:\Users\TOSHIBA\source\repos\CineSeats\CineSeats\ManageMovies.aspx.cs(118,13): error CS0103: The name 'btnSave' does not exist in the current context [C:\Users\TOSHIBA\source\repos\CineSeats\CineSeats\CineSeats.csproj]
C:\Users\TOSHIBA\source\repos\CineSeats\CineSeats\ManageTheaters.aspx.cs(108,13): error CS0103: The name 'hfTheaterId' does not exist in the current context [C:\Users\TOSHIBA\source\repos\CineSeats\CineSeats\CineSeats.csproj]
C:\Users\TOSHIBA\source\repos\CineSeats\CineSeats\ManageTheaters.aspx.cs(109,13): error CS0103: The name 'txtTheaterName' does not exist in the current context [C:\Users\TOSHIBA\source\repos\CineSeats\CineSeats\CineSeats.csproj]
C:\Users\TOSHIBA\source\repos\CineSeats\CineSeats\ManageTheaters.aspx.cs(110,13): error CS0103: The name 'txtCity' does not exist in the current context [C:\Users\TOSHIBA\source\repos\CineSeats\CineSeats\CineSeats.csproj]
C:\Users\TOSHIBA\source\repos\CineSeats\CineSeats\ManageTheaters.aspx.cs(111,13): error CS0103: The name 'txtAddress' does not exist in the current context [C:\Users\TOSHIBA\source\repos\CineSeats\CineSeats\CineSeats.csproj]
C:\Users\TOSHIBA\source\repos\CineSeats\CineSeats\ManageTheaters.aspx.cs(112,13): error CS0103: The name 'txtContact' does not exist in the current context [C:\Users\TOSHIBA\source\repos\CineSeats\CineSeats\CineSeats.csproj]
C:\Users\TOSHIBA\source\repos\CineSeats\CineSeats\ManageTheaters.aspx.cs(113,13): error CS0103: The name 'btnSave' does not exist in the current context [C:\Users\TOSHIBA\source\repos\CineSeats\CineSeats\CineSeats.csproj]
C:\Users\TOSHIBA\source\repos\CineSeats\CineSeats\ManageShowtimes.aspx.cs(122,42): error CS0103: The name 'gvShowtimes' does not exist in the current context [C:\Users\TOSHIBA\source\repos\CineSeats\CineSeats\CineSeats.csproj]
C:\Users\TOSHIBA\source\repos\CineSeats\CineSeats\ManageHalls.aspx.cs(102,42): error CS0103: The name 'gvHalls' does not exist in the current context [C:\Users\TOSHIBA\source\repos\CineSeats\CineSeats\CineSeats.csproj]
C:\Users\TOSHIBA\source\repos\CineSeats\CineSeats\ManageShowtimes.aspx.cs(139,13): error CS0103: The name 'hfShowtimeId' does not exist in the current context [C:\Users\TOSHIBA\source\repos\CineSeats\CineSeats\CineSeats.csproj]
C:\Users\TOSHIBA\source\repos\CineSeats\CineSeats\ManageShowtimes.aspx.cs(140,13): error CS0103: The name 'ddlMovie' does not exist in the current context [C:\Users\TOSHIBA\source\repos\CineSeats\CineSeats\CineSeats.csproj]
C:\Users\TOSHIBA\source\repos\CineSeats\CineSeats\ManageShowtimes.aspx.cs(141,13): error CS0103: The name 'ddlHall' does not exist in the current context [C:\Users\TOSHIBA\source\repos\CineSeats\CineSeats\CineSeats.csproj]
C:\Users\TOSHIBA\source\repos\CineSeats\CineSeats\ManageShowtimes.aspx.cs(142,13): error CS0103: The name 'txtShowDate' does not exist in the current context [C:\Users\TOSHIBA\source\repos\CineSeats\CineSeats\CineSeats.csproj]
C:\Users\TOSHIBA\source\repos\CineSeats\CineSeats\ManageShowtimes.aspx.cs(143,13): error CS0103: The name 'txtShowTime' does not exist in the current context [C:\Users\TOSHIBA\source\repos\CineSeats\CineSeats\CineSeats.csproj]
C:\Users\TOSHIBA\source\repos\CineSeats\CineSeats\ManageShowtimes.aspx.cs(144,13): error CS0103: The name 'txtPrice' does not exist in the current context [C:\Users\TOSHIBA\source\repos\CineSeats\CineSeats\CineSeats.csproj]
C:\Users\TOSHIBA\source\repos\CineSeats\CineSeats\ManageShowtimes.aspx.cs(145,13): error CS0103: The name 'chkIsHoliday' does not exist in the current context [C:\Users\TOSHIBA\source\repos\CineSeats\CineSeats\CineSeats.csproj]
C:\Users\TOSHIBA\source\repos\CineSeats\CineSeats\ManageShowtimes.aspx.cs(146,13): error CS0103: The name 'btnSave' does not exist in the current context [C:\Users\TOSHIBA\source\repos\CineSeats\CineSeats\CineSeats.csproj]
C:\Users\TOSHIBA\source\repos\CineSeats\CineSeats\ManageHalls.aspx.cs(119,13): error CS0103: The name 'hfHallId' does not exist in the current context [C:\Users\TOSHIBA\source\repos\CineSeats\CineSeats\CineSeats.csproj]
C:\Users\TOSHIBA\source\repos\CineSeats\CineSeats\ManageHalls.aspx.cs(120,13): error CS0103: The name 'txtHallName' does not exist in the current context [C:\Users\TOSHIBA\source\repos\CineSeats\CineSeats\CineSeats.csproj]
C:\Users\TOSHIBA\source\repos\CineSeats\CineSeats\ManageHalls.aspx.cs(121,13): error CS0103: The name 'txtCapacity' does not exist in the current context [C:\Users\TOSHIBA\source\repos\CineSeats\CineSeats\CineSeats.csproj]
C:\Users\TOSHIBA\source\repos\CineSeats\CineSeats\ManageHalls.aspx.cs(122,13): error CS0103: The name 'txtHallType' does not exist in the current context [C:\Users\TOSHIBA\source\repos\CineSeats\CineSeats\CineSeats.csproj]
C:\Users\TOSHIBA\source\repos\CineSeats\CineSeats\ManageHalls.aspx.cs(123,13): error CS0103: The name 'ddlTheater' does not exist in the current context [C:\Users\TOSHIBA\source\repos\CineSeats\CineSeats\CineSeats.csproj]
C:\Users\TOSHIBA\source\repos\CineSeats\CineSeats\ManageHalls.aspx.cs(124,13): error CS0103: The name 'btnSave' does not exist in the current context [C:\Users\TOSHIBA\source\repos\CineSeats\CineSeats\CineSeats.csproj]
  CompilerServer: server - server processed compilation - CineSeats
Done Building Project "C:\Users\TOSHIBA\source\repos\CineSeats\CineSeats\CineSeats.csproj" (default targets) -- FAILED.
Done Building Project "C:\Users\TOSHIBA\source\repos\CineSeats\CineSeats.sln" (default targets) -- FAILED.

Build FAILED.

"C:\Users\TOSHIBA\source\repos\CineSeats\CineSeats.sln" (default target) (1) ->
"C:\Users\TOSHIBA\source\repos\CineSeats\CineSeats\CineSeats.csproj" (default target) (2) ->
(CoreCompile target) -> 
  C:\Users\TOSHIBA\source\repos\CineSeats\CineSeats\Default.aspx.cs(22,17): error CS0103: The name 'litTotalUsers' does not exist in the current context [C:\Users\TOSHIBA\source\repos\CineSeats\CineSeats\CineSeats.csproj]
  C:\Users\TOSHIBA\source\repos\CineSeats\CineSeats\Default.aspx.cs(23,17): error CS0103: The name 'litTotalMovies' does not exist in the current context [C:\Users\TOSHIBA\source\repos\CineSeats\CineSeats\CineSeats.csproj]
  C:\Users\TOSHIBA\source\repos\CineSeats\CineSeats\Default.aspx.cs(24,17): error CS0103: The name 'litTotalTheaters' does not exist in the current context [C:\Users\TOSHIBA\source\repos\CineSeats\CineSeats\CineSeats.csproj]
  C:\Users\TOSHIBA\source\repos\CineSeats\CineSeats\Default.aspx.cs(25,17): error CS0103: The name 'litTotalTickets' does not exist in the current context [C:\Users\TOSHIBA\source\repos\CineSeats\CineSeats\CineSeats.csproj]
  C:\Users\TOSHIBA\source\repos\CineSeats\CineSeats\Default.aspx.cs(30,17): error CS0103: The name 'litTotalUsers' does not exist in the current context [C:\Users\TOSHIBA\source\repos\CineSeats\CineSeats\CineSeats.csproj]
  C:\Users\TOSHIBA\source\repos\CineSeats\CineSeats\Default.aspx.cs(31,17): error CS0103: The name 'litTotalMovies' does not exist in the current context [C:\Users\TOSHIBA\source\repos\CineSeats\CineSeats\CineSeats.csproj]
  C:\Users\TOSHIBA\source\repos\CineSeats\CineSeats\Default.aspx.cs(32,17): error CS0103: The name 'litTotalTheaters' does not exist in the current context [C:\Users\TOSHIBA\source\repos\CineSeats\CineSeats\CineSeats.csproj]
  C:\Users\TOSHIBA\source\repos\CineSeats\CineSeats\Default.aspx.cs(33,17): error CS0103: The name 'litTotalTickets' does not exist in the current context [C:\Users\TOSHIBA\source\repos\CineSeats\CineSeats\CineSeats.csproj]
  C:\Users\TOSHIBA\source\repos\CineSeats\CineSeats\Reports\TheaterMovies.aspx.cs(17,17): error CS0103: The name 'ddlHall' does not exist in the current context [C:\Users\TOSHIBA\source\repos\CineSeats\CineSeats\CineSeats.csproj]
  C:\Users\TOSHIBA\source\repos\CineSeats\CineSeats\ManageHalls.aspx.cs(24,13): error CS0103: The name 'ddlTheater' does not exist in the current context [C:\Users\TOSHIBA\source\repos\CineSeats\CineSeats\CineSeats.csproj]
  C:\Users\TOSHIBA\source\repos\CineSeats\CineSeats\ManageHalls.aspx.cs(25,13): error CS0103: The name 'ddlTheater' does not exist in the current context [C:\Users\TOSHIBA\source\repos\CineSeats\CineSeats\CineSeats.csproj]
  C:\Users\TOSHIBA\source\repos\CineSeats\CineSeats\ManageHalls.aspx.cs(26,13): error CS0103: The name 'ddlTheater' does not exist in the current context [C:\Users\TOSHIBA\source\repos\CineSeats\CineSeats\CineSeats.csproj]
  C:\Users\TOSHIBA\source\repos\CineSeats\CineSeats\ManageHalls.aspx.cs(27,13): error CS0103: The name 'ddlTheater' does not exist in the current context [C:\Users\TOSHIBA\source\repos\CineSeats\CineSeats\CineSeats.csproj]
  C:\Users\TOSHIBA\source\repos\CineSeats\CineSeats\ManageHalls.aspx.cs(28,13): error CS0103: The name 'ddlTheater' does not exist in the current context [C:\Users\TOSHIBA\source\repos\CineSeats\CineSeats\CineSeats.csproj]
  C:\Users\TOSHIBA\source\repos\CineSeats\CineSeats\Reports\UserTickets.aspx.cs(22,13): error CS0103: The name 'ddlUser' does not exist in the current context [C:\Users\TOSHIBA\source\repos\CineSeats\CineSeats\CineSeats.csproj]
  C:\Users\TOSHIBA\source\repos\CineSeats\CineSeats\Reports\UserTickets.aspx.cs(23,13): error CS0103: The name 'ddlUser' does not exist in the current context [C:\Users\TOSHIBA\source\repos\CineSeats\CineSeats\CineSeats.csproj]
  C:\Users\TOSHIBA\source\repos\CineSeats\CineSeats\Reports\UserTickets.aspx.cs(24,13): error CS0103: The name 'ddlUser' does not exist in the current context [C:\Users\TOSHIBA\source\repos\CineSeats\CineSeats\CineSeats.csproj]
  C:\Users\TOSHIBA\source\repos\CineSeats\CineSeats\Reports\UserTickets.aspx.cs(25,13): error CS0103: The name 'ddlUser' does not exist in the current context [C:\Users\TOSHIBA\source\repos\CineSeats\CineSeats\CineSeats.csproj]
  C:\Users\TOSHIBA\source\repos\CineSeats\CineSeats\Reports\UserTickets.aspx.cs(26,13): error CS0103: The name 'ddlUser' does not exist in the current context [C:\Users\TOSHIBA\source\repos\CineSeats\CineSeats\CineSeats.csproj]
  C:\Users\TOSHIBA\source\repos\CineSeats\CineSeats\Reports\TheaterMovies.aspx.cs(23,13): error CS0103: The name 'ddlTheater' does not exist in the current context [C:\Users\TOSHIBA\source\repos\CineSeats\CineSeats\CineSeats.csproj]
  C:\Users\TOSHIBA\source\repos\CineSeats\CineSeats\Reports\TheaterMovies.aspx.cs(24,13): error CS0103: The name 'ddlTheater' does not exist in the current context [C:\Users\TOSHIBA\source\repos\CineSeats\CineSeats\CineSeats.csproj]
  C:\Users\TOSHIBA\source\repos\CineSeats\CineSeats\Reports\TheaterMovies.aspx.cs(25,13): error CS0103: The name 'ddlTheater' does not exist in the current context [C:\Users\TOSHIBA\source\repos\CineSeats\CineSeats\CineSeats.csproj]
  C:\Users\TOSHIBA\source\repos\CineSeats\CineSeats\Reports\TheaterMovies.aspx.cs(26,13): error CS0103: The name 'ddlTheater' does not exist in the current context [C:\Users\TOSHIBA\source\repos\CineSeats\CineSeats\CineSeats.csproj]
  C:\Users\TOSHIBA\source\repos\CineSeats\CineSeats\Reports\TheaterMovies.aspx.cs(27,13): error CS0103: The name 'ddlTheater' does not exist in the current context [C:\Users\TOSHIBA\source\repos\CineSeats\CineSeats\CineSeats.csproj]
  C:\Users\TOSHIBA\source\repos\CineSeats\CineSeats\ManageShowtimes.aspx.cs(23,13): error CS0103: The name 'ddlMovie' does not exist in the current context [C:\Users\TOSHIBA\source\repos\CineSeats\CineSeats\CineSeats.csproj]
  C:\Users\TOSHIBA\source\repos\CineSeats\CineSeats\ManageShowtimes.aspx.cs(24,13): error CS0103: The name 'ddlMovie' does not exist in the current context [C:\Users\TOSHIBA\source\repos\CineSeats\CineSeats\CineSeats.csproj]
  C:\Users\TOSHIBA\source\repos\CineSeats\CineSeats\ManageShowtimes.aspx.cs(25,13): error CS0103: The name 'ddlMovie' does not exist in the current context [C:\Users\TOSHIBA\source\repos\CineSeats\CineSeats\CineSeats.csproj]
  C:\Users\TOSHIBA\source\repos\CineSeats\CineSeats\ManageShowtimes.aspx.cs(26,13): error CS0103: The name 'ddlMovie' does not exist in the current context [C:\Users\TOSHIBA\source\repos\CineSeats\CineSeats\CineSeats.csproj]
  C:\Users\TOSHIBA\source\repos\CineSeats\CineSeats\ManageShowtimes.aspx.cs(27,13): error CS0103: The name 'ddlMovie' does not exist in the current context [C:\Users\TOSHIBA\source\repos\CineSeats\CineSeats\CineSeats.csproj]
  C:\Users\TOSHIBA\source\repos\CineSeats\CineSeats\ManageShowtimes.aspx.cs(29,13): error CS0103: The name 'ddlHall' does not exist in the current context [C:\Users\TOSHIBA\source\repos\CineSeats\CineSeats\CineSeats.csproj]
  C:\Users\TOSHIBA\source\repos\CineSeats\CineSeats\ManageShowtimes.aspx.cs(30,13): error CS0103: The name 'ddlHall' does not exist in the current context [C:\Users\TOSHIBA\source\repos\CineSeats\CineSeats\CineSeats.csproj]
  C:\Users\TOSHIBA\source\repos\CineSeats\CineSeats\ManageShowtimes.aspx.cs(31,13): error CS0103: The name 'ddlHall' does not exist in the current context [C:\Users\TOSHIBA\source\repos\CineSeats\CineSeats\CineSeats.csproj]
  C:\Users\TOSHIBA\source\repos\CineSeats\CineSeats\ManageShowtimes.aspx.cs(32,13): error CS0103: The name 'ddlHall' does not exist in the current context [C:\Users\TOSHIBA\source\repos\CineSeats\CineSeats\CineSeats.csproj]
  C:\Users\TOSHIBA\source\repos\CineSeats\CineSeats\ManageShowtimes.aspx.cs(33,13): error CS0103: The name 'ddlHall' does not exist in the current context [C:\Users\TOSHIBA\source\repos\CineSeats\CineSeats\CineSeats.csproj]
  C:\Users\TOSHIBA\source\repos\CineSeats\CineSeats\Reports\UserTickets.aspx.cs(31,38): error CS0103: The name 'ddlUser' does not exist in the current context [C:\Users\TOSHIBA\source\repos\CineSeats\CineSeats\CineSeats.csproj]
  C:\Users\TOSHIBA\source\repos\CineSeats\CineSeats\Reports\UserTickets.aspx.cs(33,36): error CS0103: The name 'ddlUser' does not exist in the current context [C:\Users\TOSHIBA\source\repos\CineSeats\CineSeats\CineSeats.csproj]
  C:\Users\TOSHIBA\source\repos\CineSeats\CineSeats\Reports\UserTickets.aspx.cs(36,13): error CS0103: The name 'pnlReport' does not exist in the current context [C:\Users\TOSHIBA\source\repos\CineSeats\CineSeats\CineSeats.csproj]
  C:\Users\TOSHIBA\source\repos\CineSeats\CineSeats\ManageTheaters.aspx.cs(25,17): error CS0103: The name 'gvTheaters' does not exist in the current context [C:\Users\TOSHIBA\source\repos\CineSeats\CineSeats\CineSeats.csproj]
  C:\Users\TOSHIBA\source\repos\CineSeats\CineSeats\ManageTheaters.aspx.cs(26,17): error CS0103: The name 'gvTheaters' does not exist in the current context [C:\Users\TOSHIBA\source\repos\CineSeats\CineSeats\CineSeats.csproj]
  C:\Users\TOSHIBA\source\repos\CineSeats\CineSeats\ManageMovies.aspx.cs(25,17): error CS0103: The name 'gvMovies' does not exist in the current context [C:\Users\TOSHIBA\source\repos\CineSeats\CineSeats\CineSeats.csproj]
  C:\Users\TOSHIBA\source\repos\CineSeats\CineSeats\ManageMovies.aspx.cs(26,17): error CS0103: The name 'gvMovies' does not exist in the current context [C:\Users\TOSHIBA\source\repos\CineSeats\CineSeats\CineSeats.csproj]
  C:\Users\TOSHIBA\source\repos\CineSeats\CineSeats\ManageShowtimes.aspx.cs(45,17): error CS0103: The name 'gvShowtimes' does not exist in the current context [C:\Users\TOSHIBA\source\repos\CineSeats\CineSeats\CineSeats.csproj]
  C:\Users\TOSHIBA\source\repos\CineSeats\CineSeats\ManageShowtimes.aspx.cs(46,17): error CS0103: The name 'gvShowtimes' does not exist in the current context [C:\Users\TOSHIBA\source\repos\CineSeats\CineSeats\CineSeats.csproj]
  C:\Users\TOSHIBA\source\repos\CineSeats\CineSeats\ManageHalls.aspx.cs(36,17): error CS0103: The name 'gvHalls' does not exist in the current context [C:\Users\TOSHIBA\source\repos\CineSeats\CineSeats\CineSeats.csproj]
  C:\Users\TOSHIBA\source\repos\CineSeats\CineSeats\ManageHalls.aspx.cs(37,17): error CS0103: The name 'gvHalls' does not exist in the current context [C:\Users\TOSHIBA\source\repos\CineSeats\CineSeats\CineSeats.csproj]
  C:\Users\TOSHIBA\source\repos\CineSeats\CineSeats\Reports\TheaterMovies.aspx.cs(32,38): error CS0103: The name 'ddlTheater' does not exist in the current context [C:\Users\TOSHIBA\source\repos\CineSeats\CineSeats\CineSeats.csproj]
  C:\Users\TOSHIBA\source\repos\CineSeats\CineSeats\Reports\TheaterMovies.aspx.cs(34,17): error CS0103: The name 'ddlHall' does not exist in the current context [C:\Users\TOSHIBA\source\repos\CineSeats\CineSeats\CineSeats.csproj]
  C:\Users\TOSHIBA\source\repos\CineSeats\CineSeats\Reports\TheaterMovies.aspx.cs(35,17): error CS0103: The name 'ddlHall' does not exist in the current context [C:\Users\TOSHIBA\source\repos\CineSeats\CineSeats\CineSeats.csproj]
  C:\Users\TOSHIBA\source\repos\CineSeats\CineSeats\Reports\TheaterMovies.aspx.cs(39,39): error CS0103: The name 'ddlTheater' does not exist in the current context [C:\Users\TOSHIBA\source\repos\CineSeats\CineSeats\CineSeats.csproj]
  C:\Users\TOSHIBA\source\repos\CineSeats\CineSeats\Reports\TheaterMovies.aspx.cs(40,13): error CS0103: The name 'ddlHall' does not exist in the current context [C:\Users\TOSHIBA\source\repos\CineSeats\CineSeats\CineSeats.csproj]
  C:\Users\TOSHIBA\source\repos\CineSeats\CineSeats\Reports\TheaterMovies.aspx.cs(41,13): error CS0103: The name 'ddlHall' does not exist in the current context [C:\Users\TOSHIBA\source\repos\CineSeats\CineSeats\CineSeats.csproj]
  C:\Users\TOSHIBA\source\repos\CineSeats\CineSeats\Reports\TheaterMovies.aspx.cs(42,13): error CS0103: The name 'ddlHall' does not exist in the current context [C:\Users\TOSHIBA\source\repos\CineSeats\CineSeats\CineSeats.csproj]
  C:\Users\TOSHIBA\source\repos\CineSeats\CineSeats\Reports\TheaterMovies.aspx.cs(43,13): error CS0103: The name 'ddlHall' does not exist in the current context [C:\Users\TOSHIBA\source\repos\CineSeats\CineSeats\CineSeats.csproj]
  C:\Users\TOSHIBA\source\repos\CineSeats\CineSeats\Reports\TheaterMovies.aspx.cs(44,13): error CS0103: The name 'ddlHall' does not exist in the current context [C:\Users\TOSHIBA\source\repos\CineSeats\CineSeats\CineSeats.csproj]
  C:\Users\TOSHIBA\source\repos\CineSeats\CineSeats\ManageTickets.aspx.cs(24,17): error CS0103: The name 'gvTickets' does not exist in the current context [C:\Users\TOSHIBA\source\repos\CineSeats\CineSeats\CineSeats.csproj]
  C:\Users\TOSHIBA\source\repos\CineSeats\CineSeats\ManageTickets.aspx.cs(25,17): error CS0103: The name 'gvTickets' does not exist in the current context [C:\Users\TOSHIBA\source\repos\CineSeats\CineSeats\CineSeats.csproj]
  C:\Users\TOSHIBA\source\repos\CineSeats\CineSeats\Reports\UserTickets.aspx.cs(44,17): error CS0103: The name 'litUserName' does not exist in the current context [C:\Users\TOSHIBA\source\repos\CineSeats\CineSeats\CineSeats.csproj]
  C:\Users\TOSHIBA\source\repos\CineSeats\CineSeats\Reports\UserTickets.aspx.cs(45,17): error CS0103: The name 'litEmail' does not exist in the current context [C:\Users\TOSHIBA\source\repos\CineSeats\CineSeats\CineSeats.csproj]
  C:\Users\TOSHIBA\source\repos\CineSeats\CineSeats\Reports\UserTickets.aspx.cs(46,17): error CS0103: The name 'litPhone' does not exist in the current context [C:\Users\TOSHIBA\source\repos\CineSeats\CineSeats\CineSeats.csproj]
  C:\Users\TOSHIBA\source\repos\CineSeats\CineSeats\Reports\TheaterMovies.aspx.cs(49,38): error CS0103: The name 'ddlTheater' does not exist in the current context [C:\Users\TOSHIBA\source\repos\CineSeats\CineSeats\CineSeats.csproj]
  C:\Users\TOSHIBA\source\repos\CineSeats\CineSeats\Reports\TheaterMovies.aspx.cs(58,17): error CS0103: The name 'ddlHall' does not exist in the current context [C:\Users\TOSHIBA\source\repos\CineSeats\CineSeats\CineSeats.csproj]
  C:\Users\TOSHIBA\source\repos\CineSeats\CineSeats\Reports\TheaterMovies.aspx.cs(58,71): error CS0103: The name 'ddlHall' does not exist in the current context [C:\Users\TOSHIBA\source\repos\CineSeats\CineSeats\CineSeats.csproj]
  C:\Users\TOSHIBA\source\repos\CineSeats\CineSeats\Reports\TheaterMovies.aspx.cs(62,48): error CS0103: The name 'ddlTheater' does not exist in the current context [C:\Users\TOSHIBA\source\repos\CineSeats\CineSeats\CineSeats.csproj]
  C:\Users\TOSHIBA\source\repos\CineSeats\CineSeats\Reports\TheaterMovies.aspx.cs(63,48): error CS0103: The name 'ddlHall' does not exist in the current context [C:\Users\TOSHIBA\source\repos\CineSeats\CineSeats\CineSeats.csproj]
  C:\Users\TOSHIBA\source\repos\CineSeats\CineSeats\Reports\TheaterMovies.aspx.cs(68,80): error CS0103: The name 'ddlTheater' does not exist in the current context [C:\Users\TOSHIBA\source\repos\CineSeats\CineSeats\CineSeats.csproj]
  C:\Users\TOSHIBA\source\repos\CineSeats\CineSeats\Reports\TheaterMovies.aspx.cs(72,13): error CS0103: The name 'gvSchedule' does not exist in the current context [C:\Users\TOSHIBA\source\repos\CineSeats\CineSeats\CineSeats.csproj]
  C:\Users\TOSHIBA\source\repos\CineSeats\CineSeats\Reports\TheaterMovies.aspx.cs(73,13): error CS0103: The name 'gvSchedule' does not exist in the current context [C:\Users\TOSHIBA\source\repos\CineSeats\CineSeats\CineSeats.csproj]
  C:\Users\TOSHIBA\source\repos\CineSeats\CineSeats\ManageHalls.aspx.cs(49,42): error CS0103: The name 'hfHallId' does not exist in the current context [C:\Users\TOSHIBA\source\repos\CineSeats\CineSeats\CineSeats.csproj]
  C:\Users\TOSHIBA\source\repos\CineSeats\CineSeats\ManageHalls.aspx.cs(53,53): error CS0103: The name 'txtHallName' does not exist in the current context [C:\Users\TOSHIBA\source\repos\CineSeats\CineSeats\CineSeats.csproj]
  C:\Users\TOSHIBA\source\repos\CineSeats\CineSeats\ManageHalls.aspx.cs(54,52): error CS0103: The name 'txtCapacity' does not exist in the current context [C:\Users\TOSHIBA\source\repos\CineSeats\CineSeats\CineSeats.csproj]
  C:\Users\TOSHIBA\source\repos\CineSeats\CineSeats\ManageHalls.aspx.cs(55,53): error CS0103: The name 'txtHallType' does not exist in the current context [C:\Users\TOSHIBA\source\repos\CineSeats\CineSeats\CineSeats.csproj]
  C:\Users\TOSHIBA\source\repos\CineSeats\CineSeats\ManageHalls.aspx.cs(56,58): error CS0103: The name 'ddlTheater' does not exist in the current context [C:\Users\TOSHIBA\source\repos\CineSeats\CineSeats\CineSeats.csproj]
  C:\Users\TOSHIBA\source\repos\CineSeats\CineSeats\ManageHalls.aspx.cs(63,53): error CS0103: The name 'txtHallName' does not exist in the current context [C:\Users\TOSHIBA\source\repos\CineSeats\CineSeats\CineSeats.csproj]
  C:\Users\TOSHIBA\source\repos\CineSeats\CineSeats\ManageHalls.aspx.cs(64,52): error CS0103: The name 'txtCapacity' does not exist in the current context [C:\Users\TOSHIBA\source\repos\CineSeats\CineSeats\CineSeats.csproj]
  C:\Users\TOSHIBA\source\repos\CineSeats\CineSeats\ManageHalls.aspx.cs(65,53): error CS0103: The name 'txtHallType' does not exist in the current context [C:\Users\TOSHIBA\source\repos\CineSeats\CineSeats\CineSeats.csproj]
  C:\Users\TOSHIBA\source\repos\CineSeats\CineSeats\ManageHalls.aspx.cs(66,58): error CS0103: The name 'ddlTheater' does not exist in the current context [C:\Users\TOSHIBA\source\repos\CineSeats\CineSeats\CineSeats.csproj]
  C:\Users\TOSHIBA\source\repos\CineSeats\CineSeats\ManageHalls.aspx.cs(67,51): error CS0103: The name 'hfHallId' does not exist in the current context [C:\Users\TOSHIBA\source\repos\CineSeats\CineSeats\CineSeats.csproj]
  C:\Users\TOSHIBA\source\repos\CineSeats\CineSeats\Reports\UserTickets.aspx.cs(61,13): error CS0103: The name 'gvUserTickets' does not exist in the current context [C:\Users\TOSHIBA\source\repos\CineSeats\CineSeats\CineSeats.csproj]
  C:\Users\TOSHIBA\source\repos\CineSeats\CineSeats\Reports\UserTickets.aspx.cs(62,13): error CS0103: The name 'gvUserTickets' does not exist in the current context [C:\Users\TOSHIBA\source\repos\CineSeats\CineSeats\CineSeats.csproj]
  C:\Users\TOSHIBA\source\repos\CineSeats\CineSeats\ManageTheaters.aspx.cs(38,42): error CS0103: The name 'hfTheaterId' does not exist in the current context [C:\Users\TOSHIBA\source\repos\CineSeats\CineSeats\CineSeats.csproj]
  C:\Users\TOSHIBA\source\repos\CineSeats\CineSeats\ManageTheaters.aspx.cs(42,53): error CS0103: The name 'txtTheaterName' does not exist in the current context [C:\Users\TOSHIBA\source\repos\CineSeats\CineSeats\CineSeats.csproj]
  C:\Users\TOSHIBA\source\repos\CineSeats\CineSeats\ManageTheaters.aspx.cs(43,53): error CS0103: The name 'txtCity' does not exist in the current context [C:\Users\TOSHIBA\source\repos\CineSeats\CineSeats\CineSeats.csproj]
  C:\Users\TOSHIBA\source\repos\CineSeats\CineSeats\ManageTheaters.aspx.cs(44,56): error CS0103: The name 'txtAddress' does not exist in the current context [C:\Users\TOSHIBA\source\repos\CineSeats\CineSeats\CineSeats.csproj]
  C:\Users\TOSHIBA\source\repos\CineSeats\CineSeats\ManageTheaters.aspx.cs(45,56): error CS0103: The name 'txtContact' does not exist in the current context [C:\Users\TOSHIBA\source\repos\CineSeats\CineSeats\CineSeats.csproj]
  C:\Users\TOSHIBA\source\repos\CineSeats\CineSeats\ManageTheaters.aspx.cs(52,53): error CS0103: The name 'txtTheaterName' does not exist in the current context [C:\Users\TOSHIBA\source\repos\CineSeats\CineSeats\CineSeats.csproj]
  C:\Users\TOSHIBA\source\repos\CineSeats\CineSeats\ManageTheaters.aspx.cs(53,53): error CS0103: The name 'txtCity' does not exist in the current context [C:\Users\TOSHIBA\source\repos\CineSeats\CineSeats\CineSeats.csproj]
  C:\Users\TOSHIBA\source\repos\CineSeats\CineSeats\ManageTheaters.aspx.cs(54,56): error CS0103: The name 'txtAddress' does not exist in the current context [C:\Users\TOSHIBA\source\repos\CineSeats\CineSeats\CineSeats.csproj]
  C:\Users\TOSHIBA\source\repos\CineSeats\CineSeats\ManageTheaters.aspx.cs(55,56): error CS0103: The name 'txtContact' does not exist in the current context [C:\Users\TOSHIBA\source\repos\CineSeats\CineSeats\CineSeats.csproj]
  C:\Users\TOSHIBA\source\repos\CineSeats\CineSeats\ManageTheaters.aspx.cs(56,51): error CS0103: The name 'hfTheaterId' does not exist in the current context [C:\Users\TOSHIBA\source\repos\CineSeats\CineSeats\CineSeats.csproj]
  C:\Users\TOSHIBA\source\repos\CineSeats\CineSeats\ManageTickets.aspx.cs(37,42): error CS0103: The name 'hfTicketId' does not exist in the current context [C:\Users\TOSHIBA\source\repos\CineSeats\CineSeats\CineSeats.csproj]
  C:\Users\TOSHIBA\source\repos\CineSeats\CineSeats\ManageTickets.aspx.cs(41,52): error CS0103: The name 'txtBookingId' does not exist in the current context [C:\Users\TOSHIBA\source\repos\CineSeats\CineSeats\CineSeats.csproj]
  C:\Users\TOSHIBA\source\repos\CineSeats\CineSeats\ManageTickets.aspx.cs(42,53): error CS0103: The name 'txtSeatNumber' does not exist in the current context [C:\Users\TOSHIBA\source\repos\CineSeats\CineSeats\CineSeats.csproj]
  C:\Users\TOSHIBA\source\repos\CineSeats\CineSeats\ManageTickets.aspx.cs(43,55): error CS0103: The name 'ddlStatus' does not exist in the current context [C:\Users\TOSHIBA\source\repos\CineSeats\CineSeats\CineSeats.csproj]
  C:\Users\TOSHIBA\source\repos\CineSeats\CineSeats\ManageTickets.aspx.cs(50,52): error CS0103: The name 'txtBookingId' does not exist in the current context [C:\Users\TOSHIBA\source\repos\CineSeats\CineSeats\CineSeats.csproj]
  C:\Users\TOSHIBA\source\repos\CineSeats\CineSeats\ManageTickets.aspx.cs(51,53): error CS0103: The name 'txtSeatNumber' does not exist in the current context [C:\Users\TOSHIBA\source\repos\CineSeats\CineSeats\CineSeats.csproj]
  C:\Users\TOSHIBA\source\repos\CineSeats\CineSeats\ManageTickets.aspx.cs(52,55): error CS0103: The name 'ddlStatus' does not exist in the current context [C:\Users\TOSHIBA\source\repos\CineSeats\CineSeats\CineSeats.csproj]
  C:\Users\TOSHIBA\source\repos\CineSeats\CineSeats\ManageTickets.aspx.cs(53,51): error CS0103: The name 'hfTicketId' does not exist in the current context [C:\Users\TOSHIBA\source\repos\CineSeats\CineSeats\CineSeats.csproj]
  C:\Users\TOSHIBA\source\repos\CineSeats\CineSeats\ManageMovies.aspx.cs(38,55): error CS0103: The name 'txtReleaseDate' does not exist in the current context [C:\Users\TOSHIBA\source\repos\CineSeats\CineSeats\CineSeats.csproj]
  C:\Users\TOSHIBA\source\repos\CineSeats\CineSeats\ManageMovies.aspx.cs(39,42): error CS0103: The name 'hfMovieId' does not exist in the current context [C:\Users\TOSHIBA\source\repos\CineSeats\CineSeats\CineSeats.csproj]
  C:\Users\TOSHIBA\source\repos\CineSeats\CineSeats\ManageMovies.aspx.cs(43,54): error CS0103: The name 'txtTitle' does not exist in the current context [C:\Users\TOSHIBA\source\repos\CineSeats\CineSeats\CineSeats.csproj]
  C:\Users\TOSHIBA\source\repos\CineSeats\CineSeats\ManageMovies.aspx.cs(44,52): error CS0103: The name 'txtDuration' does not exist in the current context [C:\Users\TOSHIBA\source\repos\CineSeats\CineSeats\CineSeats.csproj]
  C:\Users\TOSHIBA\source\repos\CineSeats\CineSeats\ManageMovies.aspx.cs(45,53): error CS0103: The name 'txtLanguage' does not exist in the current context [C:\Users\TOSHIBA\source\repos\CineSeats\CineSeats\CineSeats.csproj]
  C:\Users\TOSHIBA\source\repos\CineSeats\CineSeats\ManageMovies.aspx.cs(46,54): error CS0103: The name 'txtGenre' does not exist in the current context [C:\Users\TOSHIBA\source\repos\CineSeats\CineSeats\CineSeats.csproj]
  C:\Users\TOSHIBA\source\repos\CineSeats\CineSeats\ManageMovies.aspx.cs(54,54): error CS0103: The name 'txtTitle' does not exist in the current context [C:\Users\TOSHIBA\source\repos\CineSeats\CineSeats\CineSeats.csproj]
  C:\Users\TOSHIBA\source\repos\CineSeats\CineSeats\ManageMovies.aspx.cs(55,52): error CS0103: The name 'txtDuration' does not exist in the current context [C:\Users\TOSHIBA\source\repos\CineSeats\CineSeats\CineSeats.csproj]
  C:\Users\TOSHIBA\source\repos\CineSeats\CineSeats\ManageMovies.aspx.cs(56,53): error CS0103: The name 'txtLanguage' does not exist in the current context [C:\Users\TOSHIBA\source\repos\CineSeats\CineSeats\CineSeats.csproj]
  C:\Users\TOSHIBA\source\repos\CineSeats\CineSeats\ManageMovies.aspx.cs(57,54): error CS0103: The name 'txtGenre' does not exist in the current context [C:\Users\TOSHIBA\source\repos\CineSeats\CineSeats\CineSeats.csproj]
  C:\Users\TOSHIBA\source\repos\CineSeats\CineSeats\ManageMovies.aspx.cs(59,51): error CS0103: The name 'hfMovieId' does not exist in the current context [C:\Users\TOSHIBA\source\repos\CineSeats\CineSeats\CineSeats.csproj]
  C:\Users\TOSHIBA\source\repos\CineSeats\CineSeats\ManageShowtimes.aspx.cs(58,52): error CS0103: The name 'txtShowDate' does not exist in the current context [C:\Users\TOSHIBA\source\repos\CineSeats\CineSeats\CineSeats.csproj]
  C:\Users\TOSHIBA\source\repos\CineSeats\CineSeats\ManageShowtimes.aspx.cs(59,36): error CS0103: The name 'chkIsHoliday' does not exist in the current context [C:\Users\TOSHIBA\source\repos\CineSeats\CineSeats\CineSeats.csproj]
  C:\Users\TOSHIBA\source\repos\CineSeats\CineSeats\ManageShowtimes.aspx.cs(61,42): error CS0103: The name 'hfShowtimeId' does not exist in the current context [C:\Users\TOSHIBA\source\repos\CineSeats\CineSeats\CineSeats.csproj]
  C:\Users\TOSHIBA\source\repos\CineSeats\CineSeats\ManageShowtimes.aspx.cs(66,56): error CS0103: The name 'ddlMovie' does not exist in the current context [C:\Users\TOSHIBA\source\repos\CineSeats\CineSeats\CineSeats.csproj]
  C:\Users\TOSHIBA\source\repos\CineSeats\CineSeats\ManageShowtimes.aspx.cs(67,55): error CS0103: The name 'ddlHall' does not exist in the current context [C:\Users\TOSHIBA\source\repos\CineSeats\CineSeats\CineSeats.csproj]
  C:\Users\TOSHIBA\source\repos\CineSeats\CineSeats\ManageShowtimes.aspx.cs(69,54): error CS0103: The name 'txtShowTime' does not exist in the current context [C:\Users\TOSHIBA\source\repos\CineSeats\CineSeats\CineSeats.csproj]
  C:\Users\TOSHIBA\source\repos\CineSeats\CineSeats\ManageShowtimes.aspx.cs(70,54): error CS0103: The name 'txtPrice' does not exist in the current context [C:\Users\TOSHIBA\source\repos\CineSeats\CineSeats\CineSeats.csproj]
  C:\Users\TOSHIBA\source\repos\CineSeats\CineSeats\ManageShowtimes.aspx.cs(79,56): error CS0103: The name 'ddlMovie' does not exist in the current context [C:\Users\TOSHIBA\source\repos\CineSeats\CineSeats\CineSeats.csproj]
  C:\Users\TOSHIBA\source\repos\CineSeats\CineSeats\ManageShowtimes.aspx.cs(80,55): error CS0103: The name 'ddlHall' does not exist in the current context [C:\Users\TOSHIBA\source\repos\CineSeats\CineSeats\CineSeats.csproj]
  C:\Users\TOSHIBA\source\repos\CineSeats\CineSeats\ManageShowtimes.aspx.cs(82,54): error CS0103: The name 'txtShowTime' does not exist in the current context [C:\Users\TOSHIBA\source\repos\CineSeats\CineSeats\CineSeats.csproj]
  C:\Users\TOSHIBA\source\repos\CineSeats\CineSeats\ManageShowtimes.aspx.cs(83,54): error CS0103: The name 'txtPrice' does not exist in the current context [C:\Users\TOSHIBA\source\repos\CineSeats\CineSeats\CineSeats.csproj]
  C:\Users\TOSHIBA\source\repos\CineSeats\CineSeats\ManageShowtimes.aspx.cs(85,51): error CS0103: The name 'hfShowtimeId' does not exist in the current context [C:\Users\TOSHIBA\source\repos\CineSeats\CineSeats\CineSeats.csproj]
  C:\Users\TOSHIBA\source\repos\CineSeats\CineSeats\ManageTickets.aspx.cs(74,21): error CS0103: The name 'hfTicketId' does not exist in the current context [C:\Users\TOSHIBA\source\repos\CineSeats\CineSeats\CineSeats.csproj]
  C:\Users\TOSHIBA\source\repos\CineSeats\CineSeats\ManageTickets.aspx.cs(75,21): error CS0103: The name 'txtBookingId' does not exist in the current context [C:\Users\TOSHIBA\source\repos\CineSeats\CineSeats\CineSeats.csproj]
  C:\Users\TOSHIBA\source\repos\CineSeats\CineSeats\ManageTickets.aspx.cs(76,21): error CS0103: The name 'txtSeatNumber' does not exist in the current context [C:\Users\TOSHIBA\source\repos\CineSeats\CineSeats\CineSeats.csproj]
  C:\Users\TOSHIBA\source\repos\CineSeats\CineSeats\ManageTickets.aspx.cs(77,21): error CS0103: The name 'ddlStatus' does not exist in the current context [C:\Users\TOSHIBA\source\repos\CineSeats\CineSeats\CineSeats.csproj]
  C:\Users\TOSHIBA\source\repos\CineSeats\CineSeats\ManageTickets.aspx.cs(78,21): error CS0103: The name 'btnSave' does not exist in the current context [C:\Users\TOSHIBA\source\repos\CineSeats\CineSeats\CineSeats.csproj]
  C:\Users\TOSHIBA\source\repos\CineSeats\CineSeats\ManageMovies.aspx.cs(80,21): error CS0103: The name 'hfMovieId' does not exist in the current context [C:\Users\TOSHIBA\source\repos\CineSeats\CineSeats\CineSeats.csproj]
  C:\Users\TOSHIBA\source\repos\CineSeats\CineSeats\ManageMovies.aspx.cs(81,21): error CS0103: The name 'txtTitle' does not exist in the current context [C:\Users\TOSHIBA\source\repos\CineSeats\CineSeats\CineSeats.csproj]
  C:\Users\TOSHIBA\source\repos\CineSeats\CineSeats\ManageMovies.aspx.cs(82,21): error CS0103: The name 'txtDuration' does not exist in the current context [C:\Users\TOSHIBA\source\repos\CineSeats\CineSeats\CineSeats.csproj]
  C:\Users\TOSHIBA\source\repos\CineSeats\CineSeats\ManageMovies.aspx.cs(83,21): error CS0103: The name 'txtLanguage' does not exist in the current context [C:\Users\TOSHIBA\source\repos\CineSeats\CineSeats\CineSeats.csproj]
  C:\Users\TOSHIBA\source\repos\CineSeats\CineSeats\ManageMovies.aspx.cs(84,21): error CS0103: The name 'txtGenre' does not exist in the current context [C:\Users\TOSHIBA\source\repos\CineSeats\CineSeats\CineSeats.csproj]
  C:\Users\TOSHIBA\source\repos\CineSeats\CineSeats\ManageMovies.aspx.cs(85,21): error CS0103: The name 'txtReleaseDate' does not exist in the current context [C:\Users\TOSHIBA\source\repos\CineSeats\CineSeats\CineSeats.csproj]
  C:\Users\TOSHIBA\source\repos\CineSeats\CineSeats\ManageMovies.aspx.cs(86,21): error CS0103: The name 'btnSave' does not exist in the current context [C:\Users\TOSHIBA\source\repos\CineSeats\CineSeats\CineSeats.csproj]
  C:\Users\TOSHIBA\source\repos\CineSeats\CineSeats\ManageTheaters.aspx.cs(77,21): error CS0103: The name 'hfTheaterId' does not exist in the current context [C:\Users\TOSHIBA\source\repos\CineSeats\CineSeats\CineSeats.csproj]
  C:\Users\TOSHIBA\source\repos\CineSeats\CineSeats\ManageTheaters.aspx.cs(78,21): error CS0103: The name 'txtTheaterName' does not exist in the current context [C:\Users\TOSHIBA\source\repos\CineSeats\CineSeats\CineSeats.csproj]
  C:\Users\TOSHIBA\source\repos\CineSeats\CineSeats\ManageTheaters.aspx.cs(79,21): error CS0103: The name 'txtCity' does not exist in the current context [C:\Users\TOSHIBA\source\repos\CineSeats\CineSeats\CineSeats.csproj]
  C:\Users\TOSHIBA\source\repos\CineSeats\CineSeats\ManageTheaters.aspx.cs(80,21): error CS0103: The name 'txtAddress' does not exist in the current context [C:\Users\TOSHIBA\source\repos\CineSeats\CineSeats\CineSeats.csproj]
  C:\Users\TOSHIBA\source\repos\CineSeats\CineSeats\ManageTheaters.aspx.cs(81,21): error CS0103: The name 'txtContact' does not exist in the current context [C:\Users\TOSHIBA\source\repos\CineSeats\CineSeats\CineSeats.csproj]
  C:\Users\TOSHIBA\source\repos\CineSeats\CineSeats\ManageTheaters.aspx.cs(82,21): error CS0103: The name 'btnSave' does not exist in the current context [C:\Users\TOSHIBA\source\repos\CineSeats\CineSeats\CineSeats.csproj]
  C:\Users\TOSHIBA\source\repos\CineSeats\CineSeats\ManageHalls.aspx.cs(88,21): error CS0103: The name 'hfHallId' does not exist in the current context [C:\Users\TOSHIBA\source\repos\CineSeats\CineSeats\CineSeats.csproj]
  C:\Users\TOSHIBA\source\repos\CineSeats\CineSeats\ManageHalls.aspx.cs(89,21): error CS0103: The name 'txtHallName' does not exist in the current context [C:\Users\TOSHIBA\source\repos\CineSeats\CineSeats\CineSeats.csproj]
  C:\Users\TOSHIBA\source\repos\CineSeats\CineSeats\ManageHalls.aspx.cs(90,21): error CS0103: The name 'txtCapacity' does not exist in the current context [C:\Users\TOSHIBA\source\repos\CineSeats\CineSeats\CineSeats.csproj]
  C:\Users\TOSHIBA\source\repos\CineSeats\CineSeats\ManageHalls.aspx.cs(91,21): error CS0103: The name 'txtHallType' does not exist in the current context [C:\Users\TOSHIBA\source\repos\CineSeats\CineSeats\CineSeats.csproj]
  C:\Users\TOSHIBA\source\repos\CineSeats\CineSeats\ManageHalls.aspx.cs(92,21): error CS0103: The name 'ddlTheater' does not exist in the current context [C:\Users\TOSHIBA\source\repos\CineSeats\CineSeats\CineSeats.csproj]
  C:\Users\TOSHIBA\source\repos\CineSeats\CineSeats\ManageHalls.aspx.cs(93,21): error CS0103: The name 'btnSave' does not exist in the current context [C:\Users\TOSHIBA\source\repos\CineSeats\CineSeats\CineSeats.csproj]
  C:\Users\TOSHIBA\source\repos\CineSeats\CineSeats\ManageTickets.aspx.cs(87,42): error CS0103: The name 'gvTickets' does not exist in the current context [C:\Users\TOSHIBA\source\repos\CineSeats\CineSeats\CineSeats.csproj]
  C:\Users\TOSHIBA\source\repos\CineSeats\CineSeats\ManageShowtimes.aspx.cs(106,21): error CS0103: The name 'hfShowtimeId' does not exist in the current context [C:\Users\TOSHIBA\source\repos\CineSeats\CineSeats\CineSeats.csproj]
  C:\Users\TOSHIBA\source\repos\CineSeats\CineSeats\ManageShowtimes.aspx.cs(107,21): error CS0103: The name 'ddlMovie' does not exist in the current context [C:\Users\TOSHIBA\source\repos\CineSeats\CineSeats\CineSeats.csproj]
  C:\Users\TOSHIBA\source\repos\CineSeats\CineSeats\ManageShowtimes.aspx.cs(108,21): error CS0103: The name 'ddlHall' does not exist in the current context [C:\Users\TOSHIBA\source\repos\CineSeats\CineSeats\CineSeats.csproj]
  C:\Users\TOSHIBA\source\repos\CineSeats\CineSeats\ManageShowtimes.aspx.cs(109,21): error CS0103: The name 'txtShowDate' does not exist in the current context [C:\Users\TOSHIBA\source\repos\CineSeats\CineSeats\CineSeats.csproj]
  C:\Users\TOSHIBA\source\repos\CineSeats\CineSeats\ManageShowtimes.aspx.cs(110,21): error CS0103: The name 'txtShowTime' does not exist in the current context [C:\Users\TOSHIBA\source\repos\CineSeats\CineSeats\CineSeats.csproj]
  C:\Users\TOSHIBA\source\repos\CineSeats\CineSeats\ManageShowtimes.aspx.cs(111,21): error CS0103: The name 'txtPrice' does not exist in the current context [C:\Users\TOSHIBA\source\repos\CineSeats\CineSeats\CineSeats.csproj]
  C:\Users\TOSHIBA\source\repos\CineSeats\CineSeats\ManageShowtimes.aspx.cs(112,21): error CS0103: The name 'chkIsHoliday' does not exist in the current context [C:\Users\TOSHIBA\source\repos\CineSeats\CineSeats\CineSeats.csproj]
  C:\Users\TOSHIBA\source\repos\CineSeats\CineSeats\ManageShowtimes.aspx.cs(113,21): error CS0103: The name 'btnSave' does not exist in the current context [C:\Users\TOSHIBA\source\repos\CineSeats\CineSeats\CineSeats.csproj]
  C:\Users\TOSHIBA\source\repos\CineSeats\CineSeats\ManageTickets.aspx.cs(104,13): error CS0103: The name 'hfTicketId' does not exist in the current context [C:\Users\TOSHIBA\source\repos\CineSeats\CineSeats\CineSeats.csproj]
  C:\Users\TOSHIBA\source\repos\CineSeats\CineSeats\ManageTickets.aspx.cs(105,13): error CS0103: The name 'txtBookingId' does not exist in the current context [C:\Users\TOSHIBA\source\repos\CineSeats\CineSeats\CineSeats.csproj]
  C:\Users\TOSHIBA\source\repos\CineSeats\CineSeats\ManageTickets.aspx.cs(106,13): error CS0103: The name 'txtSeatNumber' does not exist in the current context [C:\Users\TOSHIBA\source\repos\CineSeats\CineSeats\CineSeats.csproj]
  C:\Users\TOSHIBA\source\repos\CineSeats\CineSeats\ManageTickets.aspx.cs(107,13): error CS0103: The name 'ddlStatus' does not exist in the current context [C:\Users\TOSHIBA\source\repos\CineSeats\CineSeats\CineSeats.csproj]
  C:\Users\TOSHIBA\source\repos\CineSeats\CineSeats\ManageTickets.aspx.cs(108,13): error CS0103: The name 'btnSave' does not exist in the current context [C:\Users\TOSHIBA\source\repos\CineSeats\CineSeats\CineSeats.csproj]
  C:\Users\TOSHIBA\source\repos\CineSeats\CineSeats\ManageMovies.aspx.cs(95,42): error CS0103: The name 'gvMovies' does not exist in the current context [C:\Users\TOSHIBA\source\repos\CineSeats\CineSeats\CineSeats.csproj]
  C:\Users\TOSHIBA\source\repos\CineSeats\CineSeats\ManageTheaters.aspx.cs(91,42): error CS0103: The name 'gvTheaters' does not exist in the current context [C:\Users\TOSHIBA\source\repos\CineSeats\CineSeats\CineSeats.csproj]
  C:\Users\TOSHIBA\source\repos\CineSeats\CineSeats\ManageMovies.aspx.cs(112,13): error CS0103: The name 'hfMovieId' does not exist in the current context [C:\Users\TOSHIBA\source\repos\CineSeats\CineSeats\CineSeats.csproj]
  C:\Users\TOSHIBA\source\repos\CineSeats\CineSeats\ManageMovies.aspx.cs(113,13): error CS0103: The name 'txtTitle' does not exist in the current context [C:\Users\TOSHIBA\source\repos\CineSeats\CineSeats\CineSeats.csproj]
  C:\Users\TOSHIBA\source\repos\CineSeats\CineSeats\ManageMovies.aspx.cs(114,13): error CS0103: The name 'txtDuration' does not exist in the current context [C:\Users\TOSHIBA\source\repos\CineSeats\CineSeats\CineSeats.csproj]
  C:\Users\TOSHIBA\source\repos\CineSeats\CineSeats\ManageMovies.aspx.cs(115,13): error CS0103: The name 'txtLanguage' does not exist in the current context [C:\Users\TOSHIBA\source\repos\CineSeats\CineSeats\CineSeats.csproj]
  C:\Users\TOSHIBA\source\repos\CineSeats\CineSeats\ManageMovies.aspx.cs(116,13): error CS0103: The name 'txtGenre' does not exist in the current context [C:\Users\TOSHIBA\source\repos\CineSeats\CineSeats\CineSeats.csproj]
  C:\Users\TOSHIBA\source\repos\CineSeats\CineSeats\ManageMovies.aspx.cs(117,13): error CS0103: The name 'txtReleaseDate' does not exist in the current context [C:\Users\TOSHIBA\source\repos\CineSeats\CineSeats\CineSeats.csproj]
  C:\Users\TOSHIBA\source\repos\CineSeats\CineSeats\ManageMovies.aspx.cs(118,13): error CS0103: The name 'btnSave' does not exist in the current context [C:\Users\TOSHIBA\source\repos\CineSeats\CineSeats\CineSeats.csproj]
  C:\Users\TOSHIBA\source\repos\CineSeats\CineSeats\ManageTheaters.aspx.cs(108,13): error CS0103: The name 'hfTheaterId' does not exist in the current context [C:\Users\TOSHIBA\source\repos\CineSeats\CineSeats\CineSeats.csproj]
  C:\Users\TOSHIBA\source\repos\CineSeats\CineSeats\ManageTheaters.aspx.cs(109,13): error CS0103: The name 'txtTheaterName' does not exist in the current context [C:\Users\TOSHIBA\source\repos\CineSeats\CineSeats\CineSeats.csproj]
  C:\Users\TOSHIBA\source\repos\CineSeats\CineSeats\ManageTheaters.aspx.cs(110,13): error CS0103: The name 'txtCity' does not exist in the current context [C:\Users\TOSHIBA\source\repos\CineSeats\CineSeats\CineSeats.csproj]
  C:\Users\TOSHIBA\source\repos\CineSeats\CineSeats\ManageTheaters.aspx.cs(111,13): error CS0103: The name 'txtAddress' does not exist in the current context [C:\Users\TOSHIBA\source\repos\CineSeats\CineSeats\CineSeats.csproj]
  C:\Users\TOSHIBA\source\repos\CineSeats\CineSeats\ManageTheaters.aspx.cs(112,13): error CS0103: The name 'txtContact' does not exist in the current context [C:\Users\TOSHIBA\source\repos\CineSeats\CineSeats\CineSeats.csproj]
  C:\Users\TOSHIBA\source\repos\CineSeats\CineSeats\ManageTheaters.aspx.cs(113,13): error CS0103: The name 'btnSave' does not exist in the current context [C:\Users\TOSHIBA\source\repos\CineSeats\CineSeats\CineSeats.csproj]
  C:\Users\TOSHIBA\source\repos\CineSeats\CineSeats\ManageShowtimes.aspx.cs(122,42): error CS0103: The name 'gvShowtimes' does not exist in the current context [C:\Users\TOSHIBA\source\repos\CineSeats\CineSeats\CineSeats.csproj]
  C:\Users\TOSHIBA\source\repos\CineSeats\CineSeats\ManageHalls.aspx.cs(102,42): error CS0103: The name 'gvHalls' does not exist in the current context [C:\Users\TOSHIBA\source\repos\CineSeats\CineSeats\CineSeats.csproj]
  C:\Users\TOSHIBA\source\repos\CineSeats\CineSeats\ManageShowtimes.aspx.cs(139,13): error CS0103: The name 'hfShowtimeId' does not exist in the current context [C:\Users\TOSHIBA\source\repos\CineSeats\CineSeats\CineSeats.csproj]
  C:\Users\TOSHIBA\source\repos\CineSeats\CineSeats\ManageShowtimes.aspx.cs(140,13): error CS0103: The name 'ddlMovie' does not exist in the current context [C:\Users\TOSHIBA\source\repos\CineSeats\CineSeats\CineSeats.csproj]
  C:\Users\TOSHIBA\source\repos\CineSeats\CineSeats\ManageShowtimes.aspx.cs(141,13): error CS0103: The name 'ddlHall' does not exist in the current context [C:\Users\TOSHIBA\source\repos\CineSeats\CineSeats\CineSeats.csproj]
  C:\Users\TOSHIBA\source\repos\CineSeats\CineSeats\ManageShowtimes.aspx.cs(142,13): error CS0103: The name 'txtShowDate' does not exist in the current context [C:\Users\TOSHIBA\source\repos\CineSeats\CineSeats\CineSeats.csproj]
  C:\Users\TOSHIBA\source\repos\CineSeats\CineSeats\ManageShowtimes.aspx.cs(143,13): error CS0103: The name 'txtShowTime' does not exist in the current context [C:\Users\TOSHIBA\source\repos\CineSeats\CineSeats\CineSeats.csproj]
  C:\Users\TOSHIBA\source\repos\CineSeats\CineSeats\ManageShowtimes.aspx.cs(144,13): error CS0103: The name 'txtPrice' does not exist in the current context [C:\Users\TOSHIBA\source\repos\CineSeats\CineSeats\CineSeats.csproj]
  C:\Users\TOSHIBA\source\repos\CineSeats\CineSeats\ManageShowtimes.aspx.cs(145,13): error CS0103: The name 'chkIsHoliday' does not exist in the current context [C:\Users\TOSHIBA\source\repos\CineSeats\CineSeats\CineSeats.csproj]
  C:\Users\TOSHIBA\source\repos\CineSeats\CineSeats\ManageShowtimes.aspx.cs(146,13): error CS0103: The name 'btnSave' does not exist in the current context [C:\Users\TOSHIBA\source\repos\CineSeats\CineSeats\CineSeats.csproj]
  C:\Users\TOSHIBA\source\repos\CineSeats\CineSeats\ManageHalls.aspx.cs(119,13): error CS0103: The name 'hfHallId' does not exist in the current context [C:\Users\TOSHIBA\source\repos\CineSeats\CineSeats\CineSeats.csproj]
  C:\Users\TOSHIBA\source\repos\CineSeats\CineSeats\ManageHalls.aspx.cs(120,13): error CS0103: The name 'txtHallName' does not exist in the current context [C:\Users\TOSHIBA\source\repos\CineSeats\CineSeats\CineSeats.csproj]
  C:\Users\TOSHIBA\source\repos\CineSeats\CineSeats\ManageHalls.aspx.cs(121,13): error CS0103: The name 'txtCapacity' does not exist in the current context [C:\Users\TOSHIBA\source\repos\CineSeats\CineSeats\CineSeats.csproj]
  C:\Users\TOSHIBA\source\repos\CineSeats\CineSeats\ManageHalls.aspx.cs(122,13): error CS0103: The name 'txtHallType' does not exist in the current context [C:\Users\TOSHIBA\source\repos\CineSeats\CineSeats\CineSeats.csproj]
  C:\Users\TOSHIBA\source\repos\CineSeats\CineSeats\ManageHalls.aspx.cs(123,13): error CS0103: The name 'ddlTheater' does not exist in the current context [C:\Users\TOSHIBA\source\repos\CineSeats\CineSeats\CineSeats.csproj]
  C:\Users\TOSHIBA\source\repos\CineSeats\CineSeats\ManageHalls.aspx.cs(124,13): error CS0103: The name 'btnSave' does not exist in the current context [C:\Users\TOSHIBA\source\repos\CineSeats\CineSeats\CineSeats.csproj]

    0 Warning(s)
    189 Error(s)

Time Elapsed 00:00:00.66
